 addon

 Timestamp is 5abb5fc6 (Wed Mar 28 12:26:30 2018)

 Preferred load address is 0000000180000000

 Start         Length     Name                   Class
 0001:00000000 000b9c90H .text$mn                CODE
 0001:000b9c90 00001110H .text$mn$00             CODE
 0001:000bada0 00002007H .text$x                 CODE
 0002:00000000 00000110H .CRT$XCA                DATA
 0002:00000110 00000110H .CRT$XCU                DATA
 0002:00000220 00000110H .CRT$XCZ                DATA
 0002:00000330 00000110H .CRT$XIA                DATA
 0002:00000440 00000130H .CRT$XIC                DATA
 0002:00000570 00000110H .CRT$XIZ                DATA
 0002:00000680 00000110H .CRT$XPA                DATA
 0002:00000790 00000120H .CRT$XPX                DATA
 0002:000008b0 00000110H .CRT$XPXA               DATA
 0002:000009c0 00000110H .CRT$XPZ                DATA
 0002:00000ad0 00000110H .CRT$XTA                DATA
 0002:00000be0 00000110H .CRT$XTZ                DATA
 0002:00000cf0 00024598H .rdata                  DATA
 0002:00025288 0000060cH .rdata$r                DATA
 0002:00025894 00000194H .rdata$zzzdbg           DATA
 0002:00025a28 00000110H .rtc$IAA                DATA
 0002:00025b38 00000120H .rtc$IMZ                DATA
 0002:00025c58 00000110H .rtc$IZZ                DATA
 0002:00025d68 00000110H .rtc$TAA                DATA
 0002:00025e78 00000120H .rtc$TMZ                DATA
 0002:00025f98 00000118H .rtc$TZZ                DATA
 0002:000260b0 00006f48H .xdata                  DATA
 0002:0002cff8 00000198H .xdata$x                DATA
 0002:0002d190 0000015dH .edata                  DATA
 0003:00000000 00000d08H .data                   DATA
 0003:00000d08 000002b8H .data$r                 DATA
 0003:00000fc0 00002119H .bss                    DATA
 0004:00000000 00008688H .pdata                  DATA
 0005:00000000 000003c8H .idata$5                DATA
 0005:000003c8 00000014H .idata$2                DATA
 0005:000003dc 00000014H .idata$3                DATA
 0005:000003f0 000003c8H .idata$4                DATA
 0005:000007b8 0000089dH .idata$6                DATA
 0006:00000000 00000020H .didat$2                DATA
 0006:00000020 00000020H .didat$3                DATA
 0006:00000040 000000a8H .didat$4                DATA
 0006:000000e8 000000a8H .didat$5                DATA
 0006:00000190 000003a8H .didat$6                DATA
 0006:00000538 00000158H .didat$7                DATA
 0007:00000000 0000013fH .00cfg                  DATA
 0008:00000000 00000170H .rsrc$01                DATA
 0008:00000170 000002ccH .rsrc$02                DATA

  Address         Publics by Value              Rva+Base               Lib:Object

 0000:00000000       __hybrid_auxiliary_iat     0000000000000000     <absolute>
 0000:00000000       ___safe_se_handler_table   0000000000000000     <absolute>
 0000:00000000       __enclave_config           0000000000000000     <absolute>
 0000:00000000       ___safe_se_handler_count   0000000000000000     <absolute>
 0000:00000000       __hybrid_code_map          0000000000000000     <absolute>
 0000:00000000       __guard_fids_table         0000000000000000     <absolute>
 0000:00000000       __dynamic_value_reloc_table 0000000000000000     <absolute>
 0000:00000000       __guard_longjmp_count      0000000000000000     <absolute>
 0000:00000000       __guard_iat_count          0000000000000000     <absolute>
 0000:00000000       __guard_fids_count         0000000000000000     <absolute>
 0000:00000000       __guard_iat_table          0000000000000000     <absolute>
 0000:00000000       __guard_longjmp_table      0000000000000000     <absolute>
 0000:00000000       __hybrid_code_map_count    0000000000000000     <absolute>
 0000:00000100       __guard_flags              0000000000000100     <absolute>
 0000:00000000       __ImageBase                0000000180000000     <linker-defined>
 0001:00005bf0       ?Method@demo@@YAXAEBV?$FunctionCallbackInfo@VValue@v8@@@v8@@@Z 0000000180006bf0 f   addon.obj
 0001:00005c70       ?init@demo@@YAXV?$Local@VObject@v8@@@v8@@@Z 0000000180006c70 f   addon.obj
 0001:00005d30       ??$?0VFunction@v8@@@?$Local@VValue@v8@@@v8@@QEAA@V?$Local@VFunction@v8@@@1@@Z 0000000180006d30 f i addon.obj
 0001:00005da0       ??$?0VString@v8@@@?$Local@VValue@v8@@@v8@@QEAA@V?$Local@VString@v8@@@1@@Z 0000000180006da0 f i addon.obj
 0001:00005e10       ??$Set@VString@v8@@@?$ReturnValue@VValue@v8@@@v8@@QEAAXV?$Local@VString@v8@@@1@@Z 0000000180006e10 f i addon.obj
 0001:00005eb0       ??0?$Local@VSignature@v8@@@v8@@QEAA@XZ 0000000180006eb0 f i addon.obj
 0001:00005ed0       ??0?$Local@VValue@v8@@@v8@@QEAA@XZ 0000000180006ed0 f i addon.obj
 0001:00005ef0       ??0?$ReturnValue@VValue@v8@@@v8@@AEAA@PEAPEAVObject@internal@1@@Z 0000000180006ef0 f i addon.obj
 0001:00005f20       ??C?$Local@VFunction@v8@@@v8@@QEBAPEAVFunction@1@XZ 0000000180006f20 f i addon.obj
 0001:00005f40       ??C?$Local@VFunctionTemplate@v8@@@v8@@QEBAPEAVFunctionTemplate@1@XZ 0000000180006f40 f i addon.obj
 0001:00005f60       ??C?$Local@VObject@v8@@@v8@@QEBAPEAVObject@1@XZ 0000000180006f60 f i addon.obj
 0001:00005f80       ??D?$Local@VFunction@v8@@@v8@@QEBAPEAVFunction@1@XZ 0000000180006f80 f i addon.obj
 0001:00005fa0       ??D?$Local@VString@v8@@@v8@@QEBAPEAVString@1@XZ 0000000180006fa0 f i addon.obj
 0001:00005fc0       ?GetDefaultValue@?$ReturnValue@VValue@v8@@@v8@@AEAAPEAVObject@internal@2@XZ 0000000180006fc0 f i addon.obj
 0001:00005ff0       ?GetIsolate@?$FunctionCallbackInfo@VValue@v8@@@v8@@QEBAPEAVIsolate@2@XZ 0000000180006ff0 f i addon.obj
 0001:00006020       ?GetReturnValue@?$FunctionCallbackInfo@VValue@v8@@@v8@@QEBA?AV?$ReturnValue@VValue@v8@@@2@XZ 0000000180007020 f i addon.obj
 0001:00006080       ?IsEmpty@?$Local@VString@v8@@@v8@@QEBA_NXZ 0000000180007080 f i addon.obj
 0001:000060e0       ?NODE_SET_METHOD@node@@YAXV?$Local@VObject@v8@@@v8@@PEBDP6AXAEBV?$FunctionCallbackInfo@VValue@v8@@@3@@Z@Z 00000001800070e0 f i addon.obj
 0001:000063a8       GetModuleHandleA           00000001800073a8 f   kernel32:KERNEL32.dll
 0001:000063ae       __imp_load_??0HandleScope@v8@@QEAA@PEAVIsolate@1@@Z 00000001800073ae f   node:node.exe
 0001:000063ba       ??0HandleScope@v8@@QEAA@PEAVIsolate@1@@Z 00000001800073ba f   node:node.exe
 0001:000063c0       __tailMerge_node_exe       00000001800073c0     node:node.exe
 0001:00006439       __imp_load_??1HandleScope@v8@@QEAA@XZ 0000000180007439 f   node:node.exe
 0001:00006445       ??1HandleScope@v8@@QEAA@XZ 0000000180007445 f   node:node.exe
 0001:0000644b       __imp_load_?NewFromUtf8@String@v8@@SA?AV?$Local@VString@v8@@@2@PEAVIsolate@2@PEBDW4NewStringType@12@H@Z 000000018000744b f   node:node.exe
 0001:00006457       ?NewFromUtf8@String@v8@@SA?AV?$Local@VString@v8@@@2@PEAVIsolate@2@PEBDW4NewStringType@12@H@Z 0000000180007457 f   node:node.exe
 0001:0000645d       __imp_load_?Set@Object@v8@@QEAA_NV?$Local@VValue@v8@@@2@0@Z 000000018000745d f   node:node.exe
 0001:00006469       ?Set@Object@v8@@QEAA_NV?$Local@VValue@v8@@@2@0@Z 0000000180007469 f   node:node.exe
 0001:0000646f       __imp_load_?SetName@Function@v8@@QEAAXV?$Local@VString@v8@@@2@@Z 000000018000746f f   node:node.exe
 0001:0000647b       ?SetName@Function@v8@@QEAAXV?$Local@VString@v8@@@2@@Z 000000018000747b f   node:node.exe
 0001:00006481       __imp_load_?New@FunctionTemplate@v8@@SA?AV?$Local@VFunctionTemplate@v8@@@2@PEAVIsolate@2@P6AXAEBV?$FunctionCallbackInfo@VValue@v8@@@2@@ZV?$Local@VValue@v8@@@2@V?$Local@VSignature@v8@@@2@HW4ConstructorBehavior@2@@Z 0000000180007481 f   node:node.exe
 0001:0000648d       ?New@FunctionTemplate@v8@@SA?AV?$Local@VFunctionTemplate@v8@@@2@PEAVIsolate@2@P6AXAEBV?$FunctionCallbackInfo@VValue@v8@@@2@@ZV?$Local@VValue@v8@@@2@V?$Local@VSignature@v8@@@2@HW4ConstructorBehavior@2@@Z 000000018000748d f   node:node.exe
 0001:00006493       __imp_load_?GetFunction@FunctionTemplate@v8@@QEAA?AV?$Local@VFunction@v8@@@2@XZ 0000000180007493 f   node:node.exe
 0001:0000649f       ?GetFunction@FunctionTemplate@v8@@QEAA?AV?$Local@VFunction@v8@@@2@XZ 000000018000749f f   node:node.exe
 0001:000064a5       __imp_load_?GetCurrent@Isolate@v8@@SAPEAV12@XZ 00000001800074a5 f   node:node.exe
 0001:000064b1       ?GetCurrent@Isolate@v8@@SAPEAV12@XZ 00000001800074b1 f   node:node.exe
 0001:000064b7       __imp_load_node_module_register 00000001800074b7 f   node:node.exe
 0001:000064c3       node_module_register       00000001800074c3 f   node:node.exe
 0001:000064d0       _RTC_AllocaHelper          00000001800074d0 f   LIBCMTD:_stack_.obj
 0001:00006520       _RTC_CheckStackVars        0000000180007520 f   LIBCMTD:_stack_.obj
 0001:000065d0       _RTC_CheckStackVars2       00000001800075d0 f   LIBCMTD:_stack_.obj
 0001:00006720       _CRT_RTC_INIT              0000000180007720 f   LIBCMTD:_init_.obj
 0001:00006730       _CRT_RTC_INITW             0000000180007730 f   LIBCMTD:_init_.obj
 0001:00006740       _RTC_InitBase              0000000180007740 f   LIBCMTD:_init_.obj
 0001:00006790       _RTC_Shutdown              0000000180007790 f   LIBCMTD:_init_.obj
 0001:00006ca0       _CRT_INIT                  0000000180007ca0 f   LIBCMTD:dll_dllmain.obj
 0001:00006ce0       _DllMainCRTStartup         0000000180007ce0 f   LIBCMTD:dll_dllmain.obj
 0001:00006d30       ??$__vcrt_va_start_verify_argument_type@QEBD@@YAXXZ 0000000180007d30 f i LIBCMTD:_error_.obj
 0001:00006df0       ?_RTC_AllocaFailure@@YAXPEAXPEAU_RTC_ALLOCA_NODE@@H@Z 0000000180007df0 f   LIBCMTD:_error_.obj
 0001:00006fa0       ?_RTC_Failure@@YAXPEAXH@Z  0000000180007fa0 f   LIBCMTD:_error_.obj
 0001:00007010       ?_RTC_StackFailure@@YAXPEAXPEBD@Z 0000000180008010 f   LIBCMTD:_error_.obj
 0001:00007560       _RTC_UninitUse             0000000180008560 f   LIBCMTD:_error_.obj
 0001:00007660       __local_stdio_printf_options 0000000180008660 f i LIBCMTD:_error_.obj
 0001:00007670       _vsprintf_s_l              0000000180008670 f i LIBCMTD:_error_.obj
 0001:000076f0       sprintf_s                  00000001800086f0 f i LIBCMTD:_error_.obj
 0001:00007740       ?_RTC_GetErrorFunc@@YAP6AHHPEBDH00ZZPEBX@Z 0000000180008740 f   LIBCMTD:_userapi_.obj
 0001:00007750       ?_RTC_GetErrorFuncW@@YAP6AHHPEB_WH00ZZPEBX@Z 0000000180008750 f   LIBCMTD:_userapi_.obj
 0001:00007760       _RTC_GetErrDesc            0000000180008760 f   LIBCMTD:_userapi_.obj
 0001:00007780       _RTC_NumErrors             0000000180008780 f   LIBCMTD:_userapi_.obj
 0001:00007790       _RTC_SetErrorFunc          0000000180008790 f   LIBCMTD:_userapi_.obj
 0001:000077b0       _RTC_SetErrorFuncW         00000001800087b0 f   LIBCMTD:_userapi_.obj
 0001:000077d0       _RTC_SetErrorType          00000001800087d0 f   LIBCMTD:_userapi_.obj
 0001:000078f0       __security_init_cookie     00000001800088f0 f   LIBCMTD:gs_support.obj
 0001:00007990       DllMain                    0000000180008990 f   LIBCMTD:dll_dllmain_stub.obj
 0001:000079b0       ?__scrt_initialize_type_info@@YAXXZ 00000001800089b0 f   LIBCMTD:tncleanup.obj
 0001:000079d0       ?__scrt_uninitialize_type_info@@YAXXZ 00000001800089d0 f   LIBCMTD:tncleanup.obj
 0001:000079f0       __local_stdio_scanf_options 00000001800089f0 f i LIBCMTD:default_local_stdio_options.obj
 0001:00007a00       __scrt_initialize_default_local_stdio_options 0000000180008a00 f   LIBCMTD:default_local_stdio_options.obj
 0001:00007a60       ??$__crt_fast_decode_pointer@PEAP6AXXZ@@YAPEAP6AXXZQEAP6AXXZ@Z 0000000180008a60 f i LIBCMTD:utility.obj
 0001:00007ab0       ??$__crt_fast_encode_pointer@PEAP6AXXZ@@YAPEAP6AXXZQEAP6AXXZ@Z 0000000180008ab0 f i LIBCMTD:utility.obj
 0001:00007b00       ?__crt_rotate_pointer_value@@YA_K_KH@Z 0000000180008b00 f i LIBCMTD:utility.obj
 0001:00007b20       ?configure_argv@__scrt_narrow_argv_policy@@SAHXZ 0000000180008b20 f i LIBCMTD:utility.obj
 0001:00007c40       ?initialize_environment@__scrt_narrow_environment_policy@@SAHXZ 0000000180008c40 f i LIBCMTD:utility.obj
 0001:00007d10       NtCurrentTeb               0000000180008d10 f i LIBCMTD:utility.obj
 0001:00007d20       __scrt_acquire_startup_lock 0000000180008d20 f   LIBCMTD:utility.obj
 0001:00007da0       __scrt_dllmain_after_initialize_c 0000000180008da0 f   LIBCMTD:utility.obj
 0001:00007de0       __scrt_dllmain_before_initialize_c 0000000180008de0 f   LIBCMTD:utility.obj
 0001:00007e10       __scrt_dllmain_crt_thread_attach 0000000180008e10 f   LIBCMTD:utility.obj
 0001:00007e50       __scrt_dllmain_crt_thread_detach 0000000180008e50 f   LIBCMTD:utility.obj
 0001:00007e70       __scrt_dllmain_exception_filter 0000000180008e70 f   LIBCMTD:utility.obj
 0001:00007ef0       __scrt_dllmain_uninitialize_c 0000000180008ef0 f   LIBCMTD:utility.obj
 0001:00007f30       __scrt_dllmain_uninitialize_critical 0000000180008f30 f   LIBCMTD:utility.obj
 0001:00007f50       __scrt_initialize_crt      0000000180008f50 f   LIBCMTD:utility.obj
 0001:00007fb0       __scrt_initialize_onexit_tables 0000000180008fb0 f   LIBCMTD:utility.obj
 0001:00008100       __scrt_is_nonwritable_in_current_image 0000000180009100 f   LIBCMTD:utility.obj
 0001:000081b0       __scrt_release_startup_lock 00000001800091b0 f   LIBCMTD:utility.obj
 0001:000081f0       __scrt_uninitialize_crt    00000001800091f0 f   LIBCMTD:utility.obj
 0001:00008240       _onexit                    0000000180009240 f   LIBCMTD:utility.obj
 0001:000082f0       at_quick_exit              00000001800092f0 f   LIBCMTD:utility.obj
 0001:00008360       atexit                     0000000180009360 f   LIBCMTD:utility.obj
 0001:000083a0       __scrt_get_dyn_tls_init_callback 00000001800093a0 f   LIBCMTD:dyn_tls_init.obj
 0001:000083b0       __crt_debugger_hook        00000001800093b0 f   LIBCMTD:utility_desktop.obj
 0001:000083d0       __scrt_fastfail            00000001800093d0 f   LIBCMTD:utility_desktop.obj
 0001:000085d0       __scrt_get_show_window_mode 00000001800095d0 f   LIBCMTD:utility_desktop.obj
 0001:00008640       __scrt_initialize_winrt    0000000180009640 f   LIBCMTD:utility_desktop.obj
 0001:00008650       __scrt_is_managed_app      0000000180009650 f   LIBCMTD:utility_desktop.obj
 0001:00008720       __scrt_set_unhandled_exception_filter 0000000180009720 f   LIBCMTD:utility_desktop.obj
 0001:00008740       __scrt_unhandled_exception_filter 0000000180009740 f   LIBCMTD:utility_desktop.obj
 0001:000087d0       _RTC_Initialize            00000001800097d0 f   LIBCMTD:_initsect_.obj
 0001:00008830       _RTC_Terminate             0000000180009830 f   LIBCMTD:_initsect_.obj
 0001:00008890       _guard_check_icall         0000000180009890 f i LIBCMTD:checkcfg.obj
 0001:00008f20       ?_RTC_GetSrcLine@@YAHPEAEPEA_WKPEAH1K@Z 0000000180009f20 f   LIBCMTD:_pdblkup_.obj
 0001:000094b0       __GSHandlerCheck           000000018000a4b0 f   LIBCMTD:_gshandler_.obj
 0001:00009500       __GSHandlerCheckCommon     000000018000a500 f   LIBCMTD:_gshandler_.obj
 0001:00009650       __security_check_cookie    000000018000a650 f   LIBCMTD:_amdsecgs_.obj
 0001:00009680       __isa_available_init       000000018000a680 f   LIBCMTD:_cpu_disp_.obj
 0001:00009ad0       _get_startup_argv_mode     000000018000aad0 f   LIBCMTD:argv_mode.obj
 0001:00009ae0       __scrt_is_ucrt_dll_in_use  000000018000aae0 f   LIBCMTD:ucrt_detection.obj
 0001:00009b10       _guard_check_icall_nop     000000018000ab10 f i LIBCMTD:guard_support.obj
 0001:00009b20       ReadNoFence64              000000018000ab20 f i LIBCMTD:guard_support.obj
 0001:00009b50       ReadPointerNoFence         000000018000ab50 f i LIBCMTD:guard_support.obj
 0001:00009b70       __guard_ss_common_verify_stub 000000018000ab70 f i LIBCMTD:guard_support.obj
 0001:00009b80       _guard_icall_checks_enforced 000000018000ab80 f i LIBCMTD:guard_support.obj
 0001:00009bd0       _guard_rf_checks_enforced  000000018000abd0 f i LIBCMTD:guard_support.obj
 0001:00009c20       __raise_securityfailure    000000018000ac20 f   LIBCMTD:gs_report.obj
 0001:00009c70       __report_gsfailure         000000018000ac70 f   LIBCMTD:gs_report.obj
 0001:00009d80       __report_rangecheckfailure 000000018000ad80 f   LIBCMTD:gs_report.obj
 0001:00009da0       __report_securityfailure   000000018000ada0 f   LIBCMTD:gs_report.obj
 0001:00009e70       __report_securityfailureEx 000000018000ae70 f   LIBCMTD:gs_report.obj
 0001:0000a170       __C_specific_handler       000000018000b170 f   libvcruntimed:_riscchandler_.obj
 0001:0000a700       ??$?RD@__crt_internal_free_policy@@QEBAXQEBD@Z 000000018000b700 f i libvcruntimed:std_type_info.obj
 0001:0000a730       ??$?RX@__crt_internal_free_policy@@QEBAXQEBX@Z 000000018000b730 f i libvcruntimed:std_type_info.obj
 0001:0000a760       ??$__crt_interlocked_compare_exchange_pointer@$$CBDPEAD$$T@@YAPEBDPEDSEBDQEAD$$T@Z 000000018000b760 f i libvcruntimed:std_type_info.obj
 0001:0000a7b0       ??$__crt_interlocked_read_pointer@$$CBD@@YAPEBDPEDSEBD@Z 000000018000b7b0 f i libvcruntimed:std_type_info.obj
 0001:0000a7d0       ??0?$__crt_unique_heap_ptr@DU__crt_internal_free_policy@@@@QEAA@QEAD@Z 000000018000b7d0 f i libvcruntimed:std_type_info.obj
 0001:0000a800       ??0?$__crt_unique_heap_ptr@XU__crt_internal_free_policy@@@@QEAA@QEAX@Z 000000018000b800 f i libvcruntimed:std_type_info.obj
 0001:0000a830       ??1?$__crt_unique_heap_ptr@DU__crt_internal_free_policy@@@@QEAA@XZ 000000018000b830 f i libvcruntimed:std_type_info.obj
 0001:0000a850       ??1?$__crt_unique_heap_ptr@XU__crt_internal_free_policy@@@@QEAA@XZ 000000018000b850 f i libvcruntimed:std_type_info.obj
 0001:0000a890       ??B?$__crt_unique_heap_ptr@DU__crt_internal_free_policy@@@@QEBA_NXZ 000000018000b890 f i libvcruntimed:std_type_info.obj
 0001:0000a8b0       ??B?$__crt_unique_heap_ptr@XU__crt_internal_free_policy@@@@QEBA_NXZ 000000018000b8b0 f i libvcruntimed:std_type_info.obj
 0001:0000a940       ?__crt_interlocked_read_64@@YA_JPED_J@Z 000000018000b940 f i libvcruntimed:std_type_info.obj
 0001:0000a970       ?detach@?$__crt_unique_heap_ptr@XU__crt_internal_free_policy@@@@QEAAPEAXXZ 000000018000b970 f i libvcruntimed:std_type_info.obj
 0001:0000a9b0       ?get@?$__crt_unique_heap_ptr@DU__crt_internal_free_policy@@@@QEBAPEADXZ 000000018000b9b0 f i libvcruntimed:std_type_info.obj
 0001:0000a9d0       ?get@?$__crt_unique_heap_ptr@XU__crt_internal_free_policy@@@@QEBAPEAXXZ 000000018000b9d0 f i libvcruntimed:std_type_info.obj
 0001:0000a9f0       ?is_valid@?$__crt_unique_heap_ptr@DU__crt_internal_free_policy@@@@QEBA_NXZ 000000018000b9f0 f i libvcruntimed:std_type_info.obj
 0001:0000aa30       ?is_valid@?$__crt_unique_heap_ptr@XU__crt_internal_free_policy@@@@QEBA_NXZ 000000018000ba30 f i libvcruntimed:std_type_info.obj
 0001:0000aa70       ?release@?$__crt_unique_heap_ptr@DU__crt_internal_free_policy@@@@QEAAXXZ 000000018000ba70 f i libvcruntimed:std_type_info.obj
 0001:0000aab0       ?release@?$__crt_unique_heap_ptr@XU__crt_internal_free_policy@@@@QEAAXXZ 000000018000bab0 f i libvcruntimed:std_type_info.obj
 0001:0000aaf0       __std_type_info_compare    000000018000baf0 f   libvcruntimed:std_type_info.obj
 0001:0000ab40       __std_type_info_destroy_list 000000018000bb40 f   libvcruntimed:std_type_info.obj
 0001:0000abb0       __std_type_info_hash       000000018000bbb0 f   libvcruntimed:std_type_info.obj
 0001:0000ac90       __std_type_info_name       000000018000bc90 f   libvcruntimed:std_type_info.obj
 0001:0000b010       __vcrt_initialize          000000018000c010 f   libvcruntimed:initialization.obj
 0001:0000b060       __vcrt_thread_attach       000000018000c060 f   libvcruntimed:initialization.obj
 0001:0000b080       __vcrt_thread_detach       000000018000c080 f   libvcruntimed:initialization.obj
 0001:0000b0a0       __vcrt_uninitialize        000000018000c0a0 f   libvcruntimed:initialization.obj
 0001:0000b0d0       __vcrt_uninitialize_critical 000000018000c0d0 f   libvcruntimed:initialization.obj
 0001:0000b100       __vcrt_GetModuleFileNameW  000000018000c100 f   libvcruntimed:winapi_thunks.obj
 0001:0000b140       __vcrt_GetModuleHandleW    000000018000c140 f   libvcruntimed:winapi_thunks.obj
 0001:0000b160       __vcrt_LoadLibraryExW      000000018000c160 f   libvcruntimed:winapi_thunks.obj
 0001:0000b1b0       _local_unwind              000000018000c1b0 f   libvcruntimed:_jmpuwind_.obj
 0001:0000b1e0       _NLG_Notify                000000018000c1e0 f   libvcruntimed:_jmpuwind_.obj
 0001:0000b200       __NLG_Dispatch2            000000018000c200 f   libvcruntimed:_jmpuwind_.obj
 0001:0000b210       __NLG_Return2              000000018000c210 f   libvcruntimed:_jmpuwind_.obj
 0001:0000b250       __except_validate_context_record 000000018000c250 f   libvcruntimed:jbcxrval.obj
 0001:0000b2c0       __except_validate_jump_buffer 000000018000c2c0 f   libvcruntimed:jbcxrval.obj
 0001:0000b2f0       __except_validate_jump_buffer_common 000000018000c2f0 f i libvcruntimed:jbcxrval.obj
 0001:0000b3a0       ??0Block@_HeapManager@@QEAA@XZ 000000018000c3a0 f i libvcruntimed:undname.obj
 0001:0000b3c0       ??0DName@@QEAA@AEAPEBDD@Z  000000018000c3c0 f   libvcruntimed:undname.obj
 0001:0000b710       ??0DName@@QEAA@AEBV0@@Z    000000018000c710 f i libvcruntimed:undname.obj
 0001:0000b750       ??0DName@@QEAA@D@Z         000000018000c750 f   libvcruntimed:undname.obj
 0001:0000b7b0       ??0DName@@QEAA@PEAV0@@Z    000000018000c7b0 f   libvcruntimed:undname.obj
 0001:0000b8d0       ??0DName@@QEAA@PEBD@Z      000000018000c8d0 f   libvcruntimed:undname.obj
 0001:0000b950       ??0DName@@QEAA@W4DNameStatus@@@Z 000000018000c950 f   libvcruntimed:undname.obj
 0001:0000ba30       ??0DName@@QEAA@XZ          000000018000ca30 f i libvcruntimed:undname.obj
 0001:0000ba60       ??0DName@@QEAA@_J@Z        000000018000ca60 f   libvcruntimed:undname.obj
 0001:0000bbb0       ??0DName@@QEAA@_K@Z        000000018000cbb0 f   libvcruntimed:undname.obj
 0001:0000bcc0       ??0DNameNode@@IEAA@XZ      000000018000ccc0 f i libvcruntimed:undname.obj
 0001:0000bce0       ??0Replicator@@QEAA@XZ     000000018000cce0 f i libvcruntimed:undname.obj
 0001:0000bd00       ??0UnDecorator@@QEAA@PEADPEBDHP6APEADJ@ZK@Z 000000018000cd00 f i libvcruntimed:undname.obj
 0001:0000be00       ??0charNode@@QEAA@D@Z      000000018000ce00 f i libvcruntimed:undname.obj
 0001:0000be50       ??0pDNameNode@@QEAA@PEAVDName@@@Z 000000018000ce50 f   libvcruntimed:undname.obj
 0001:0000bef0       ??0pairNode@@QEAA@PEBVDNameNode@@0@Z 000000018000cef0 f i libvcruntimed:undname.obj
 0001:0000bf70       ??0pcharNode@@QEAA@PEBDH@Z 000000018000cf70 f   libvcruntimed:undname.obj
 0001:0000c070       ??2@YAPEAX_KAEAV_HeapManager@@H@Z 000000018000d070 f i libvcruntimed:undname.obj
 0001:0000c0b0       ??4DName@@QEAAAEAV0@AEBV0@@Z 000000018000d0b0 f   libvcruntimed:undname.obj
 0001:0000c0f0       ??4DName@@QEAAAEAV0@D@Z    000000018000d0f0 f i libvcruntimed:undname.obj
 0001:0000c150       ??4DName@@QEAAAEAV0@PEAV0@@Z 000000018000d150 f   libvcruntimed:undname.obj
 0001:0000c250       ??4DName@@QEAAAEAV0@PEBD@Z 000000018000d250 f   libvcruntimed:undname.obj
 0001:0000c2b0       ??4DName@@QEAAAEAV0@W4DNameStatus@@@Z 000000018000d2b0 f   libvcruntimed:undname.obj
 0001:0000c370       ??AReplicator@@QEBA?AVDName@@H@Z 000000018000d370 f   libvcruntimed:undname.obj
 0001:0000c420       ??BUnDecorator@@QEAAPEADXZ 000000018000d420 f i libvcruntimed:undname.obj
 0001:0000c820       ??H@YA?AVDName@@DAEBV0@@Z  000000018000d820 f i libvcruntimed:undname.obj
 0001:0000c870       ??H@YA?AVDName@@PEBDAEBV0@@Z 000000018000d870 f i libvcruntimed:undname.obj
 0001:0000c8c0       ??H@YA?AVDName@@W4DNameStatus@@AEBV0@@Z 000000018000d8c0 f i libvcruntimed:undname.obj
 0001:0000c910       ??HDName@@QEBA?AV0@AEBV0@@Z 000000018000d910 f   libvcruntimed:undname.obj
 0001:0000c970       ??HDName@@QEBA?AV0@D@Z     000000018000d970 f   libvcruntimed:undname.obj
 0001:0000c9d0       ??HDName@@QEBA?AV0@PEAV0@@Z 000000018000d9d0 f   libvcruntimed:undname.obj
 0001:0000ca30       ??HDName@@QEBA?AV0@PEBD@Z  000000018000da30 f   libvcruntimed:undname.obj
 0001:0000ca90       ??HDName@@QEBA?AV0@W4DNameStatus@@@Z 000000018000da90 f   libvcruntimed:undname.obj
 0001:0000caf0       ??YDName@@QEAAAEAV0@AEBV0@@Z 000000018000daf0 f   libvcruntimed:undname.obj
 0001:0000cb90       ??YDName@@QEAAAEAV0@D@Z    000000018000db90 f   libvcruntimed:undname.obj
 0001:0000cc60       ??YDName@@QEAAAEAV0@PEAV0@@Z 000000018000dc60 f   libvcruntimed:undname.obj
 0001:0000cd80       ??YDName@@QEAAAEAV0@PEBD@Z 000000018000dd80 f   libvcruntimed:undname.obj
 0001:0000ce70       ??YDName@@QEAAAEAV0@W4DNameStatus@@@Z 000000018000de70 f   libvcruntimed:undname.obj
 0001:0000cf00       ??YReplicator@@QEAAAEAV0@AEBVDName@@@Z 000000018000df00 f   libvcruntimed:undname.obj
 0001:0000cff0       ??_5DName@@QEAAAEAV0@AEBV0@@Z 000000018000dff0 f   libvcruntimed:undname.obj
 0001:0000d070       ?Constructor@_HeapManager@@QEAAXP6APEAX_K@ZP6AXPEAX@Z@Z 000000018000e070 f i libvcruntimed:undname.obj
 0001:0000d0e0       ?Destructor@_HeapManager@@QEAAXXZ 000000018000e0e0 f i libvcruntimed:undname.obj
 0001:0000d180       ?UScore@UnDecorator@@SAPEBDW4Tokens@@@Z 000000018000e180 f   libvcruntimed:undname.obj
 0001:0000d1d0       ?append@DName@@AEAAXPEBVDNameNode@@@Z 000000018000e1d0 f   libvcruntimed:undname.obj
 0001:0000d2b0       ?composeDeclaration@UnDecorator@@CA?AVDName@@AEBV2@@Z 000000018000e2b0 f i libvcruntimed:undname.obj
 0001:0000fbc0       ?dbGetString@DName@@QEBAPEADXZ 0000000180010bc0 f   libvcruntimed:undname.obj
 0001:0000fc00       ?doAccessSpecifiers@UnDecorator@@SAHXZ 0000000180010c00 f i libvcruntimed:undname.obj
 0001:0000fc40       ?doAllocationLanguage@UnDecorator@@SAHXZ 0000000180010c40 f i libvcruntimed:undname.obj
 0001:0000fc80       ?doAllocationModel@UnDecorator@@SAHXZ 0000000180010c80 f i libvcruntimed:undname.obj
 0001:0000fcc0       ?doEcsu@UnDecorator@@SAHXZ 0000000180010cc0 f i libvcruntimed:undname.obj
 0001:0000fd00       ?doEllipsis@UnDecorator@@SAHXZ 0000000180010d00 f i libvcruntimed:undname.obj
 0001:0000fd40       ?doFunctionReturns@UnDecorator@@SAHXZ 0000000180010d40 f i libvcruntimed:undname.obj
 0001:0000fd80       ?doMSKeywords@UnDecorator@@SAHXZ 0000000180010d80 f i libvcruntimed:undname.obj
 0001:0000fdc0       ?doMemberTypes@UnDecorator@@SAHXZ 0000000180010dc0 f i libvcruntimed:undname.obj
 0001:0000fe00       ?doNameOnly@UnDecorator@@SAHXZ 0000000180010e00 f i libvcruntimed:undname.obj
 0001:0000fe10       ?doNoIdentCharCheck@UnDecorator@@SAHXZ 0000000180010e10 f i libvcruntimed:undname.obj
 0001:0000fe20       ?doPchar@DName@@AEAAXPEBDH@Z 0000000180010e20 f   libvcruntimed:undname.obj
 0001:00010010       ?doPtr64@UnDecorator@@SAHXZ 0000000180011010 f i libvcruntimed:undname.obj
 0001:00010050       ?doRestrictionSpec@UnDecorator@@SAHXZ 0000000180011050 f i libvcruntimed:undname.obj
 0001:00010090       ?doThisTypes@UnDecorator@@SAHXZ 0000000180011090 f i libvcruntimed:undname.obj
 0001:000100d0       ?doThrowTypes@UnDecorator@@SAHXZ 00000001800110d0 f i libvcruntimed:undname.obj
 0001:00010110       ?doTypeOnly@UnDecorator@@SAHXZ 0000000180011110 f i libvcruntimed:undname.obj
 0001:00010120       ?doUnderScore@UnDecorator@@SAHXZ 0000000180011120 f i libvcruntimed:undname.obj
 0001:00010160       ?getArgumentList@UnDecorator@@CA?AVDName@@XZ 0000000180011160 f   libvcruntimed:undname.obj
 0001:00010360       ?getArgumentTypes@UnDecorator@@CA?AVDName@@XZ 0000000180011360 f   libvcruntimed:undname.obj
 0001:00010590       ?getArrayType@UnDecorator@@CA?AVDName@@AEBV2@@Z 0000000180011590 f i libvcruntimed:undname.obj
 0001:00010940       ?getBasedType@UnDecorator@@CA?AVDName@@XZ 0000000180011940 f   libvcruntimed:undname.obj
 0001:00010a70       ?getBasicDataType@UnDecorator@@CA?AVDName@@AEBV2@@Z 0000000180011a70 f   libvcruntimed:undname.obj
 0001:00011390       ?getCallIndex@UnDecorator@@CA?AVDName@@XZ 0000000180012390 f i libvcruntimed:undname.obj
 0001:000113c0       ?getCallingConvention@UnDecorator@@CA?AVDName@@XZ 00000001800123c0 f   libvcruntimed:undname.obj
 0001:00011630       ?getDataIndirectType@UnDecorator@@CA?AVDName@@AEBV2@PEBD0H@Z 0000000180012630 f   libvcruntimed:undname.obj
 0001:00012310       ?getDataIndirectType@UnDecorator@@CA?AVDName@@XZ 0000000180013310 f i libvcruntimed:undname.obj
 0001:00012380       ?getDataType@UnDecorator@@CA?AVDName@@PEAV2@@Z 0000000180013380 f   libvcruntimed:undname.obj
 0001:00012570       ?getDecoratedName@UnDecorator@@CA?AVDName@@XZ 0000000180013570 f   libvcruntimed:undname.obj
 0001:00012a70       ?getDimension@UnDecorator@@CA?AVDName@@_N@Z 0000000180013a70 f   libvcruntimed:undname.obj
 0001:00012eb0       ?getDispatchTarget@UnDecorator@@CA?AVDName@@XZ 0000000180013eb0 f   libvcruntimed:undname.obj
 0001:00012fb0       ?getDisplacement@UnDecorator@@CA?AVDName@@XZ 0000000180013fb0 f i libvcruntimed:undname.obj
 0001:00012fe0       ?getECSUDataType@UnDecorator@@CA?AVDName@@XZ 0000000180013fe0 f   libvcruntimed:undname.obj
 0001:000132b0       ?getECSUName@UnDecorator@@CA?AVDName@@XZ 00000001800142b0 f i libvcruntimed:undname.obj
 0001:000132e0       ?getEnumType@UnDecorator@@CA?AVDName@@XZ 00000001800142e0 f i libvcruntimed:undname.obj
 0001:000134c0       ?getExtendedDataIndirectType@UnDecorator@@CA?AVDName@@AEAPEBDAEA_NH@Z 00000001800144c0 f   libvcruntimed:undname.obj
 0001:000138b0       ?getExternalDataType@UnDecorator@@CA?AVDName@@AEBV2@@Z 00000001800148b0 f i libvcruntimed:undname.obj
 0001:000139b0       ?getFunctionIndirectType@UnDecorator@@CA?AVDName@@AEBV2@@Z 00000001800149b0 f   libvcruntimed:undname.obj
 0001:000140e0       ?getGuardNumber@UnDecorator@@CA?AVDName@@XZ 00000001800150e0 f i libvcruntimed:undname.obj
 0001:00014110       ?getLastChar@DName@@QEBADXZ 0000000180015110 f i libvcruntimed:undname.obj
 0001:00014180       ?getLastChar@DNameStatusNode@@UEBADXZ 0000000180015180 f i libvcruntimed:undname.obj
 0001:000141d0       ?getLastChar@charNode@@UEBADXZ 00000001800151d0 f i libvcruntimed:undname.obj
 0001:000141f0       ?getLastChar@pDNameNode@@UEBADXZ 00000001800151f0 f i libvcruntimed:undname.obj
 0001:00014240       ?getLastChar@pairNode@@UEBADXZ 0000000180015240 f i libvcruntimed:undname.obj
 0001:00014300       ?getLastChar@pcharNode@@UEBADXZ 0000000180015300 f i libvcruntimed:undname.obj
 0001:00014350       ?getLexicalFrame@UnDecorator@@CA?AVDName@@XZ 0000000180015350 f i libvcruntimed:undname.obj
 0001:000143a0       ?getMemory@_HeapManager@@QEAAPEAX_KH@Z 00000001800153a0 f   libvcruntimed:undname.obj
 0001:00014580       ?getNoexcept@UnDecorator@@CA?AVDName@@XZ 0000000180015580 f   libvcruntimed:undname.obj
 0001:00014630       ?getNumberOfDimensions@UnDecorator@@CAHXZ 0000000180015630 f   libvcruntimed:undname.obj
 0001:000147a0       ?getOperatorName@UnDecorator@@CA?AVDName@@_NPEA_N@Z 00000001800157a0 f i libvcruntimed:undname.obj
 0001:00015880       ?getPointerType@UnDecorator@@CA?AVDName@@AEBV2@0@Z 0000000180016880 f i libvcruntimed:undname.obj
 0001:000158e0       ?getPointerTypeArray@UnDecorator@@CA?AVDName@@AEBV2@0@Z 00000001800168e0 f i libvcruntimed:undname.obj
 0001:00015940       ?getPrimaryDataType@UnDecorator@@CA?AVDName@@AEBV2@@Z 0000000180016940 f   libvcruntimed:undname.obj
 0001:00015f60       ?getPtrRefDataType@UnDecorator@@CA?AVDName@@AEBV2@H@Z 0000000180016f60 f   libvcruntimed:undname.obj
 0001:00016290       ?getPtrRefType@UnDecorator@@CA?AVDName@@AEBV2@0PEBD@Z 0000000180017290 f   libvcruntimed:undname.obj
 0001:00016530       ?getReferenceType@UnDecorator@@CA?AVDName@@AEBV2@0PEBD@Z 0000000180017530 f i libvcruntimed:undname.obj
 0001:00016580       ?getRestrictionSpec@UnDecorator@@CA?AVDName@@XZ 0000000180017580 f   libvcruntimed:undname.obj
 0001:000167b0       ?getReturnType@UnDecorator@@CA?AVDName@@PEAV2@@Z 00000001800177b0 f   libvcruntimed:undname.obj
 0001:00016830       ?getScope@UnDecorator@@CA?AVDName@@XZ 0000000180017830 f   libvcruntimed:undname.obj
 0001:00016fa0       ?getScopedName@UnDecorator@@CA?AVDName@@XZ 0000000180017fa0 f   libvcruntimed:undname.obj
 0001:00017160       ?getSignedDimension@UnDecorator@@CA?AVDName@@XZ 0000000180018160 f   libvcruntimed:undname.obj
 0001:00017210       ?getStorageConvention@UnDecorator@@CA?AVDName@@XZ 0000000180018210 f i libvcruntimed:undname.obj
 0001:00017240       ?getString@DName@@QEBAPEADPEAD0@Z 0000000180018240 f i libvcruntimed:undname.obj
 0001:000172d0       ?getString@DName@@QEBAPEADPEADH@Z 00000001800182d0 f i libvcruntimed:undname.obj
 0001:000173b0       ?getString@DNameStatusNode@@UEBAPEADPEAD0@Z 00000001800183b0 f i libvcruntimed:undname.obj
 0001:00017410       ?getString@charNode@@UEBAPEADPEAD0@Z 0000000180018410 f i libvcruntimed:undname.obj
 0001:00017460       ?getString@pDNameNode@@UEBAPEADPEAD0@Z 0000000180018460 f i libvcruntimed:undname.obj
 0001:000174d0       ?getString@pairNode@@UEBAPEADPEAD0@Z 00000001800184d0 f i libvcruntimed:undname.obj
 0001:000175c0       ?getString@pcharNode@@UEBAPEADPEAD0@Z 00000001800185c0 f i libvcruntimed:undname.obj
 0001:00017610       ?getStringEncoding@UnDecorator@@CA?AVDName@@PEBDH@Z 0000000180018610 f   libvcruntimed:undname.obj
 0001:000177a0       ?getStringHelper@@YAPEADPEADPEBD1H@Z 00000001800187a0 f i libvcruntimed:undname.obj
 0001:00017820       ?getSymbolName@UnDecorator@@CA?AVDName@@XZ 0000000180018820 f i libvcruntimed:undname.obj
 0001:000178e0       ?getTemplateArgumentList@UnDecorator@@CA?AVDName@@XZ 00000001800188e0 f   libvcruntimed:undname.obj
 0001:00017e70       ?getTemplateConstant@UnDecorator@@CA?AVDName@@XZ 0000000180018e70 f   libvcruntimed:undname.obj
 0001:000186c0       ?getTemplateName@UnDecorator@@CA?AVDName@@_N@Z 00000001800196c0 f   libvcruntimed:undname.obj
 0001:00018990       ?getThisType@UnDecorator@@CA?AVDName@@XZ 0000000180019990 f i libvcruntimed:undname.obj
 0001:00018a00       ?getThrowTypes@UnDecorator@@CA?AVDName@@XZ 0000000180019a00 f   libvcruntimed:undname.obj
 0001:00018a80       ?getTypeEncoding@UnDecorator@@CAHXZ 0000000180019a80 f i libvcruntimed:undname.obj
 0001:00019950       ?getVCallThunkType@UnDecorator@@CA?AVDName@@XZ 000000018001a950 f i libvcruntimed:undname.obj
 0001:000199f0       ?getVbTableType@UnDecorator@@CA?AVDName@@AEBV2@@Z 000000018001a9f0 f i libvcruntimed:undname.obj
 0001:00019a20       ?getVdispMapType@UnDecorator@@CA?AVDName@@AEBV2@@Z 000000018001aa20 f i libvcruntimed:undname.obj
 0001:00019ad0       ?getVfTableType@UnDecorator@@CA?AVDName@@AEBV2@@Z 000000018001aad0 f i libvcruntimed:undname.obj
 0001:00019d80       ?getZName@UnDecorator@@CA?AVDName@@_N0@Z 000000018001ad80 f   libvcruntimed:undname.obj
 0001:0001a210       ?haveTemplateParameters@UnDecorator@@SAHXZ 000000018001b210 f i libvcruntimed:undname.obj
 0001:0001a220       ?isArray@DName@@QEBAHXZ    000000018001b220 f i libvcruntimed:undname.obj
 0001:0001a240       ?isComArray@DName@@QEBAHXZ 000000018001b240 f i libvcruntimed:undname.obj
 0001:0001a260       ?isEmpty@DName@@QEBAHXZ    000000018001b260 f i libvcruntimed:undname.obj
 0001:0001a2a0       ?isFull@Replicator@@QEBAHXZ 000000018001b2a0 f i libvcruntimed:undname.obj
 0001:0001a2e0       ?isNoTE@DName@@QEBAHXZ     000000018001b2e0 f i libvcruntimed:undname.obj
 0001:0001a300       ?isPinPtr@DName@@QEBAHXZ   000000018001b300 f i libvcruntimed:undname.obj
 0001:0001a320       ?isPtrRef@DName@@QEBAHXZ   000000018001b320 f i libvcruntimed:undname.obj
 0001:0001a340       ?isUDC@DName@@QEBAHXZ      000000018001b340 f i libvcruntimed:undname.obj
 0001:0001a3a0       ?isUDTThunk@DName@@QEBAHXZ 000000018001b3a0 f i libvcruntimed:undname.obj
 0001:0001a400       ?isVCallThunk@DName@@QEBAHXZ 000000018001b400 f i libvcruntimed:undname.obj
 0001:0001a420       ?isValid@DName@@QEBAHXZ    000000018001b420 f i libvcruntimed:undname.obj
 0001:0001a470       ?length@DName@@QEBAHXZ     000000018001b470 f i libvcruntimed:undname.obj
 0001:0001a4e0       ?length@DNameStatusNode@@UEBAHXZ 000000018001b4e0 f i libvcruntimed:undname.obj
 0001:0001a500       ?length@charNode@@UEBAHXZ  000000018001b500 f i libvcruntimed:undname.obj
 0001:0001a510       ?length@pDNameNode@@UEBAHXZ 000000018001b510 f i libvcruntimed:undname.obj
 0001:0001a560       ?length@pairNode@@UEBAHXZ  000000018001b560 f i libvcruntimed:undname.obj
 0001:0001a640       ?length@pcharNode@@UEBAHXZ 000000018001b640 f i libvcruntimed:undname.obj
 0001:0001a660       ?make@DNameStatusNode@@SAPEBV1@W4DNameStatus@@@Z 000000018001b660 f i libvcruntimed:undname.obj
 0001:0001a6c0       ?setIsArray@DName@@QEAAXXZ 000000018001b6c0 f i libvcruntimed:undname.obj
 0001:0001a6e0       ?setIsComArray@DName@@QEAAXXZ 000000018001b6e0 f i libvcruntimed:undname.obj
 0001:0001a700       ?setIsNoTE@DName@@QEAAXXZ  000000018001b700 f i libvcruntimed:undname.obj
 0001:0001a720       ?setIsPinPtr@DName@@QEAAXXZ 000000018001b720 f i libvcruntimed:undname.obj
 0001:0001a740       ?setIsUDC@DName@@QEAAXXZ   000000018001b740 f i libvcruntimed:undname.obj
 0001:0001a780       ?setIsVCallThunk@DName@@QEAAXXZ 000000018001b780 f i libvcruntimed:undname.obj
 0001:0001a7a0       ?setPtrRef@DName@@QEAAAEAV1@XZ 000000018001b7a0 f i libvcruntimed:undname.obj
 0001:0001a7d0       ?status@DName@@QEBA?AW4DNameStatus@@XZ 000000018001b7d0 f i libvcruntimed:undname.obj
 0001:0001a940       __unDName                  000000018001b940 f   libvcruntimed:undname.obj
 0001:0001aa40       __unDNameEx                000000018001ba40 f   libvcruntimed:undname.obj
 0001:0001ab40       ??$?RU__vcrt_ptd@@@__crt_internal_free_policy@@QEBAXQEBU__vcrt_ptd@@@Z 000000018001bb40 f i libvcruntimed:per_thread_data.obj
 0001:0001ab70       ??0?$__crt_unique_heap_ptr@U__vcrt_ptd@@U__crt_internal_free_policy@@@@QEAA@QEAU__vcrt_ptd@@@Z 000000018001bb70 f i libvcruntimed:per_thread_data.obj
 0001:0001abd0       ??1?$__crt_unique_heap_ptr@U__vcrt_ptd@@U__crt_internal_free_policy@@@@QEAA@XZ 000000018001bbd0 f i libvcruntimed:per_thread_data.obj
 0001:0001ac20       ??B?$__crt_unique_heap_ptr@U__vcrt_ptd@@U__crt_internal_free_policy@@@@QEBA_NXZ 000000018001bc20 f i libvcruntimed:per_thread_data.obj
 0001:0001ac40       ?detach@?$__crt_unique_heap_ptr@U__vcrt_ptd@@U__crt_internal_free_policy@@@@QEAAPEAU__vcrt_ptd@@XZ 000000018001bc40 f i libvcruntimed:per_thread_data.obj
 0001:0001ac80       ?get@?$__crt_unique_heap_ptr@U__vcrt_ptd@@U__crt_internal_free_policy@@@@QEBAPEAU__vcrt_ptd@@XZ 000000018001bc80 f i libvcruntimed:per_thread_data.obj
 0001:0001aca0       ?is_valid@?$__crt_unique_heap_ptr@U__vcrt_ptd@@U__crt_internal_free_policy@@@@QEBA_NXZ 000000018001bca0 f i libvcruntimed:per_thread_data.obj
 0001:0001ace0       ?release@?$__crt_unique_heap_ptr@U__vcrt_ptd@@U__crt_internal_free_policy@@@@QEAAXXZ 000000018001bce0 f i libvcruntimed:per_thread_data.obj
 0001:0001ad60       __vcrt_freefls             000000018001bd60 f   libvcruntimed:per_thread_data.obj
 0001:0001adb0       __vcrt_freeptd             000000018001bdb0 f   libvcruntimed:per_thread_data.obj
 0001:0001ae30       __vcrt_getptd              000000018001be30 f   libvcruntimed:per_thread_data.obj
 0001:0001ae60       __vcrt_getptd_noexit       000000018001be60 f   libvcruntimed:per_thread_data.obj
 0001:0001b070       __vcrt_getptd_noinit       000000018001c070 f   libvcruntimed:per_thread_data.obj
 0001:0001b0f0       __vcrt_initialize_ptd      000000018001c0f0 f   libvcruntimed:per_thread_data.obj
 0001:0001b150       __vcrt_uninitialize_ptd    000000018001c150 f   libvcruntimed:per_thread_data.obj
 0001:0001b190       __vcrt_initialize_locks    000000018001c190 f   libvcruntimed:locks.obj
 0001:0001b220       __vcrt_lock                000000018001c220 f   libvcruntimed:locks.obj
 0001:0001b260       __vcrt_uninitialize_locks  000000018001c260 f   libvcruntimed:locks.obj
 0001:0001b2d0       __vcrt_unlock              000000018001c2d0 f   libvcruntimed:locks.obj
 0001:0001b310       ??$?BX@__crt_fast_encoded_nullptr_t@@QEBAPEAXXZ 000000018001c310 f i libvcruntimed:winapi_downlevel.obj
 0001:0001b330       ??$__crt_fast_decode_pointer@PEAX@@YAPEAXQEAX@Z 000000018001c330 f i libvcruntimed:winapi_downlevel.obj
 0001:0001b380       ??$__crt_fast_encode_pointer@PEAX@@YAPEAXQEAX@Z 000000018001c380 f i libvcruntimed:winapi_downlevel.obj
 0001:0001b3d0       ??$__crt_interlocked_exchange_pointer@UHINSTANCE__@@PEAU1@@@YAPEAUHINSTANCE__@@PEDSEAU0@QEAU0@@Z 000000018001c3d0 f i libvcruntimed:winapi_downlevel.obj
 0001:0001b3f0       ??$__crt_interlocked_exchange_pointer@UHINSTANCE__@@PEAX@@YAPEAUHINSTANCE__@@PEDSEAU0@QEAX@Z 000000018001c3f0 f i libvcruntimed:winapi_downlevel.obj
 0001:0001b410       ??$__crt_interlocked_exchange_pointer@XPEAX@@YAPEAXPEDSEAXQEAX@Z 000000018001c410 f i libvcruntimed:winapi_downlevel.obj
 0001:0001b430       ??$__crt_interlocked_read_pointer@UHINSTANCE__@@@@YAPEAUHINSTANCE__@@PEDSEAU0@@Z 000000018001c430 f i libvcruntimed:winapi_downlevel.obj
 0001:0001b450       ??$__crt_interlocked_read_pointer@X@@YAPEAXPEDSEAX@Z 000000018001c450 f i libvcruntimed:winapi_downlevel.obj
 0001:0001b470       ?__crt_fast_encode_pointer@@YA?AU__crt_fast_encoded_nullptr_t@@$$T@Z 000000018001c470 f i libvcruntimed:winapi_downlevel.obj
 0001:0001bb30       __vcrt_FlsAlloc            000000018001cb30 f   libvcruntimed:winapi_downlevel.obj
 0001:0001bb90       __vcrt_FlsFree             000000018001cb90 f   libvcruntimed:winapi_downlevel.obj
 0001:0001bbf0       __vcrt_FlsGetValue         000000018001cbf0 f   libvcruntimed:winapi_downlevel.obj
 0001:0001bc50       __vcrt_FlsSetValue         000000018001cc50 f   libvcruntimed:winapi_downlevel.obj
 0001:0001bcc0       __vcrt_InitializeCriticalSectionEx 000000018001ccc0 f   libvcruntimed:winapi_downlevel.obj
 0001:0001bd40       __vcrt_initialize_winapi_thunks 000000018001cd40 f   libvcruntimed:winapi_downlevel.obj
 0001:0001bde0       __vcrt_uninitialize_winapi_thunks 000000018001cde0 f   libvcruntimed:winapi_downlevel.obj
 0001:0001bea0       ??$?B$$A6AXXZ@__crt_fast_encoded_nullptr_t@@QEBAP6AXXZXZ 000000018001cea0 f i libvcruntimed:purevirt_data.obj
 0001:0001bec0       ??$__crt_fast_encode_pointer@P6AXXZ@@YAP6AXXZQ6AXXZ@Z 000000018001cec0 f i libvcruntimed:purevirt_data.obj
 0001:0001bf10       __vcrt_initialize_pure_virtual_call_handler 000000018001cf10 f   libvcruntimed:purevirt_data.obj
 0001:0001bf40       ??$__crt_fast_decode_pointer@P6AXXZ@@YAP6AXXZQ6AXXZ@Z 000000018001cf40 f i libvcruntimed:purevirt.obj
 0001:0001bf90       ??$__crt_interlocked_exchange_pointer@$$A6AXXZP6AXXZ@@YAP6AXXZPEDS6AXXZQ6AXXZ@Z 000000018001cf90 f i libvcruntimed:purevirt.obj
 0001:0001bfb0       ??$__crt_interlocked_read_pointer@$$A6AXXZ@@YAP6AXXZPEDS6AXXZ@Z 000000018001cfb0 f i libvcruntimed:purevirt.obj
 0001:0001bfd0       _get_purecall_handler      000000018001cfd0 f   libvcruntimed:purevirt.obj
 0001:0001c000       _purecall                  000000018001d000 f   libvcruntimed:purevirt.obj
 0001:0001c050       _set_purecall_handler      000000018001d050 f   libvcruntimed:purevirt.obj
 0001:0001c090       ??0_LocaleUpdate@@QEAA@QEAU__crt_locale_pointers@@@Z 000000018001d090 f i libucrtd:stricmp.obj
 0001:0001c200       ??1_LocaleUpdate@@QEAA@XZ  000000018001d200 f i libucrtd:stricmp.obj
 0001:0001c240       ?GetLocaleT@_LocaleUpdate@@QEAAPEAU__crt_locale_pointers@@XZ 000000018001d240 f i libucrtd:stricmp.obj
 0001:0001c260       __acrt_locale_changed      000000018001d260 f i libucrtd:stricmp.obj
 0001:0001c290       __ascii_stricmp            000000018001d290 f   libucrtd:stricmp.obj
 0001:0001c360       _stricmp                   000000018001d360 f   libucrtd:stricmp.obj
 0001:0001c560       _stricmp_l                 000000018001d560 f   libucrtd:stricmp.obj
 0001:0001c8b0       ??$?RU?$__crt_report_hook_node@D@@@__crt_internal_free_policy@@QEBAXQEBU?$__crt_report_hook_node@D@@@Z 000000018001d8b0 f i libucrtd:dbgrpt.obj
 0001:0001c8e0       ??$?RU?$__crt_report_hook_node@_W@@@__crt_internal_free_policy@@QEBAXQEBU?$__crt_report_hook_node@_W@@@Z 000000018001d8e0 f i libucrtd:dbgrpt.obj
 0001:0001cab0       ??$__vcrt_va_start_verify_argument_type@QEB_W@@YAXXZ 000000018001dab0 f i libucrtd:dbgrpt.obj
 0001:0001dfd0       ??$get_module_file_name@AEAPEAUHINSTANCE__@@AEAY0BAF@DK@?$__crt_char_traits@D@@SAKAEAPEAUHINSTANCE__@@AEAY0BAF@D$$QEAK@Z 000000018001efd0 f i libucrtd:dbgrpt.obj
 0001:0001e010       ??$get_module_file_name@AEAPEAUHINSTANCE__@@AEAY0BAF@_WK@?$__crt_char_traits@_W@@SAKAEAPEAUHINSTANCE__@@AEAY0BAF@_W$$QEAK@Z 000000018001f010 f i libucrtd:dbgrpt.obj
 0001:0001e050       ??$tcscpy_s@AEAY0BAF@D_KPEBD@?$__crt_char_traits@D@@SAHAEAY0BAF@D$$QEA_K$$QEAPEBD@Z 000000018001f050 f i libucrtd:dbgrpt.obj
 0001:0001e090       ??$tcscpy_s@AEAY0BAF@_W_KPEB_W@?$__crt_char_traits@_W@@SAHAEAY0BAF@_W$$QEA_K$$QEAPEB_W@Z 000000018001f090 f i libucrtd:dbgrpt.obj
 0001:0001e0d0       ??$tcslen@AEAY0BAF@D@?$__crt_char_traits@D@@SA_KAEAY0BAF@D@Z 000000018001f0d0 f i libucrtd:dbgrpt.obj
 0001:0001e0f0       ??$tcslen@AEAY0BAF@_W@?$__crt_char_traits@_W@@SA_KAEAY0BAF@_W@Z 000000018001f0f0 f i libucrtd:dbgrpt.obj
 0001:0001e110       ??$tcslen@AEBQEBD@?$__crt_char_traits@D@@SA_KAEBQEBD@Z 000000018001f110 f i libucrtd:dbgrpt.obj
 0001:0001e140       ??$tcslen@AEBQEB_W@?$__crt_char_traits@_W@@SA_KAEBQEB_W@Z 000000018001f140 f i libucrtd:dbgrpt.obj
 0001:0001e2b0       ??0?$__crt_unique_heap_ptr@U?$__crt_report_hook_node@D@@U__crt_internal_free_policy@@@@QEAA@QEAU?$__crt_report_hook_node@D@@@Z 000000018001f2b0 f i libucrtd:dbgrpt.obj
 0001:0001e2e0       ??0?$__crt_unique_heap_ptr@U?$__crt_report_hook_node@_W@@U__crt_internal_free_policy@@@@QEAA@QEAU?$__crt_report_hook_node@_W@@@Z 000000018001f2e0 f i libucrtd:dbgrpt.obj
 0001:0001e310       ??1?$__crt_unique_heap_ptr@U?$__crt_report_hook_node@D@@U__crt_internal_free_policy@@@@QEAA@XZ 000000018001f310 f i libucrtd:dbgrpt.obj
 0001:0001e330       ??1?$__crt_unique_heap_ptr@U?$__crt_report_hook_node@_W@@U__crt_internal_free_policy@@@@QEAA@XZ 000000018001f330 f i libucrtd:dbgrpt.obj
 0001:0001e350       ??B?$__crt_unique_heap_ptr@U?$__crt_report_hook_node@D@@U__crt_internal_free_policy@@@@QEBA_NXZ 000000018001f350 f i libucrtd:dbgrpt.obj
 0001:0001e370       ??B?$__crt_unique_heap_ptr@U?$__crt_report_hook_node@_W@@U__crt_internal_free_policy@@@@QEBA_NXZ 000000018001f370 f i libucrtd:dbgrpt.obj
 0001:0001ebd0       ?detach@?$__crt_unique_heap_ptr@U?$__crt_report_hook_node@D@@U__crt_internal_free_policy@@@@QEAAPEAU?$__crt_report_hook_node@D@@XZ 000000018001fbd0 f i libucrtd:dbgrpt.obj
 0001:0001ec10       ?detach@?$__crt_unique_heap_ptr@U?$__crt_report_hook_node@_W@@U__crt_internal_free_policy@@@@QEAAPEAU?$__crt_report_hook_node@_W@@XZ 000000018001fc10 f i libucrtd:dbgrpt.obj
 0001:0001ec50       ?get@?$__crt_unique_heap_ptr@U?$__crt_report_hook_node@D@@U__crt_internal_free_policy@@@@QEBAPEAU?$__crt_report_hook_node@D@@XZ 000000018001fc50 f i libucrtd:dbgrpt.obj
 0001:0001ec70       ?get@?$__crt_unique_heap_ptr@U?$__crt_report_hook_node@_W@@U__crt_internal_free_policy@@@@QEBAPEAU?$__crt_report_hook_node@_W@@XZ 000000018001fc70 f i libucrtd:dbgrpt.obj
 0001:0001ecf0       ?is_valid@?$__crt_unique_heap_ptr@U?$__crt_report_hook_node@D@@U__crt_internal_free_policy@@@@QEBA_NXZ 000000018001fcf0 f i libucrtd:dbgrpt.obj
 0001:0001ed30       ?is_valid@?$__crt_unique_heap_ptr@U?$__crt_report_hook_node@_W@@U__crt_internal_free_policy@@@@QEBA_NXZ 000000018001fd30 f i libucrtd:dbgrpt.obj
 0001:0001ed70       ?release@?$__crt_unique_heap_ptr@U?$__crt_report_hook_node@D@@U__crt_internal_free_policy@@@@QEAAXXZ 000000018001fd70 f i libucrtd:dbgrpt.obj
 0001:0001edb0       ?release@?$__crt_unique_heap_ptr@U?$__crt_report_hook_node@_W@@U__crt_internal_free_policy@@@@QEAAXXZ 000000018001fdb0 f i libucrtd:dbgrpt.obj
 0001:0001edf0       _CrtDbgReport              000000018001fdf0 f   libucrtd:dbgrpt.obj
 0001:0001ee90       _CrtDbgReportW             000000018001fe90 f   libucrtd:dbgrpt.obj
 0001:0001ef30       _CrtSetReportHook2         000000018001ff30 f   libucrtd:dbgrpt.obj
 0001:0001ef60       _CrtSetReportHookW2        000000018001ff60 f   libucrtd:dbgrpt.obj
 0001:0001ef90       __acrt_MessageWindowA      000000018001ff90 f   libucrtd:dbgrpt.obj
 0001:0001eff0       __acrt_MessageWindowW      000000018001fff0 f   libucrtd:dbgrpt.obj
 0001:0001f050       _invoke_watson_if_error    0000000180020050 f i libucrtd:dbgrpt.obj
 0001:0001f0b0       _invoke_watson_if_oneof    00000001800200b0 f i libucrtd:dbgrpt.obj
 0001:0001f130       _snwprintf_s               0000000180020130 f i libucrtd:dbgrpt.obj
 0001:0001f1c0       _vsnwprintf_s_l            00000001800201c0 f i libucrtd:dbgrpt.obj
 0001:0001f260       _initterm                  0000000180020260 f   libucrtd:initterm.obj
 0001:0001f2e0       _initterm_e                00000001800202e0 f   libucrtd:initterm.obj
 0001:0001f970       strcpy_s                   0000000180020970 f   libucrtd:strcpy_s.obj
 0001:000201b0       strcat_s                   00000001800211b0 f   libucrtd:strcat_s.obj
 0001:000201f0       ??$?0AEBV?$stream_output_adapter@D@__crt_stdio_output@@AEB_KAEBQEBDAEBQEAU__crt_locale_pointers@@AEBQEAD@?$format_validation_base@DV?$stream_output_adapter@D@__crt_stdio_output@@@__crt_stdio_output@@IEAA@AEBV?$stream_output_adapter@D@1@AEB_KAEBQEBDAEBQEAU__crt_locale_pointers@@AEBQEAD@Z 00000001800211f0 f i libucrtd:output.obj
 0001:00020260       ??$?0AEBV?$stream_output_adapter@D@__crt_stdio_output@@AEB_KAEBQEBDAEBQEAU__crt_locale_pointers@@AEBQEAD@?$positional_parameter_base@DV?$stream_output_adapter@D@__crt_stdio_output@@@__crt_stdio_output@@IEAA@AEBV?$stream_output_adapter@D@1@AEB_KAEBQEBDAEBQEAU__crt_locale_pointers@@AEBQEAD@Z 0000000180021260 f i libucrtd:output.obj
 0001:00020330       ??$?0AEBV?$stream_output_adapter@D@__crt_stdio_output@@AEB_KAEBQEBDAEBQEAU__crt_locale_pointers@@AEBQEAD@?$standard_base@DV?$stream_output_adapter@D@__crt_stdio_output@@@__crt_stdio_output@@IEAA@AEBV?$stream_output_adapter@D@1@AEB_KAEBQEBDAEBQEAU__crt_locale_pointers@@AEBQEAD@Z 0000000180021330 f i libucrtd:output.obj
 0001:000203c0       ??$?0AEBV?$stream_output_adapter@_W@__crt_stdio_output@@AEB_KAEBQEB_WAEBQEAU__crt_locale_pointers@@AEBQEAD@?$format_validation_base@_WV?$stream_output_adapter@_W@__crt_stdio_output@@@__crt_stdio_output@@IEAA@AEBV?$stream_output_adapter@_W@1@AEB_KAEBQEB_WAEBQEAU__crt_locale_pointers@@AEBQEAD@Z 00000001800213c0 f i libucrtd:output.obj
 0001:00020430       ??$?0AEBV?$stream_output_adapter@_W@__crt_stdio_output@@AEB_KAEBQEB_WAEBQEAU__crt_locale_pointers@@AEBQEAD@?$positional_parameter_base@_WV?$stream_output_adapter@_W@__crt_stdio_output@@@__crt_stdio_output@@IEAA@AEBV?$stream_output_adapter@_W@1@AEB_KAEBQEB_WAEBQEAU__crt_locale_pointers@@AEBQEAD@Z 0000000180021430 f i libucrtd:output.obj
 0001:00020500       ??$?0AEBV?$stream_output_adapter@_W@__crt_stdio_output@@AEB_KAEBQEB_WAEBQEAU__crt_locale_pointers@@AEBQEAD@?$standard_base@_WV?$stream_output_adapter@_W@__crt_stdio_output@@@__crt_stdio_output@@IEAA@AEBV?$stream_output_adapter@_W@1@AEB_KAEBQEB_WAEBQEAU__crt_locale_pointers@@AEBQEAD@Z 0000000180021500 f i libucrtd:output.obj
 0001:00020590       ??$?0AEBV?$string_output_adapter@D@__crt_stdio_output@@AEB_KAEBQEBDAEBQEAU__crt_locale_pointers@@AEBQEAD@?$format_validation_base@DV?$string_output_adapter@D@__crt_stdio_output@@@__crt_stdio_output@@IEAA@AEBV?$string_output_adapter@D@1@AEB_KAEBQEBDAEBQEAU__crt_locale_pointers@@AEBQEAD@Z 0000000180021590 f i libucrtd:output.obj
 0001:00020600       ??$?0AEBV?$string_output_adapter@D@__crt_stdio_output@@AEB_KAEBQEBDAEBQEAU__crt_locale_pointers@@AEBQEAD@?$positional_parameter_base@DV?$string_output_adapter@D@__crt_stdio_output@@@__crt_stdio_output@@IEAA@AEBV?$string_output_adapter@D@1@AEB_KAEBQEBDAEBQEAU__crt_locale_pointers@@AEBQEAD@Z 0000000180021600 f i libucrtd:output.obj
 0001:000206d0       ??$?0AEBV?$string_output_adapter@D@__crt_stdio_output@@AEB_KAEBQEBDAEBQEAU__crt_locale_pointers@@AEBQEAD@?$standard_base@DV?$string_output_adapter@D@__crt_stdio_output@@@__crt_stdio_output@@IEAA@AEBV?$string_output_adapter@D@1@AEB_KAEBQEBDAEBQEAU__crt_locale_pointers@@AEBQEAD@Z 00000001800216d0 f i libucrtd:output.obj
 0001:00020760       ??$?0AEBV?$string_output_adapter@_W@__crt_stdio_output@@AEB_KAEBQEB_WAEBQEAU__crt_locale_pointers@@AEBQEAD@?$format_validation_base@_WV?$string_output_adapter@_W@__crt_stdio_output@@@__crt_stdio_output@@IEAA@AEBV?$string_output_adapter@_W@1@AEB_KAEBQEB_WAEBQEAU__crt_locale_pointers@@AEBQEAD@Z 0000000180021760 f i libucrtd:output.obj
 0001:000207d0       ??$?0AEBV?$string_output_adapter@_W@__crt_stdio_output@@AEB_KAEBQEB_WAEBQEAU__crt_locale_pointers@@AEBQEAD@?$positional_parameter_base@_WV?$string_output_adapter@_W@__crt_stdio_output@@@__crt_stdio_output@@IEAA@AEBV?$string_output_adapter@_W@1@AEB_KAEBQEB_WAEBQEAU__crt_locale_pointers@@AEBQEAD@Z 00000001800217d0 f i libucrtd:output.obj
 0001:000208a0       ??$?0AEBV?$string_output_adapter@_W@__crt_stdio_output@@AEB_KAEBQEB_WAEBQEAU__crt_locale_pointers@@AEBQEAD@?$standard_base@_WV?$string_output_adapter@_W@__crt_stdio_output@@@__crt_stdio_output@@IEAA@AEBV?$string_output_adapter@_W@1@AEB_KAEBQEB_WAEBQEAU__crt_locale_pointers@@AEBQEAD@Z 00000001800218a0 f i libucrtd:output.obj
 0001:00020e10       ??$__crt_interlocked_read@J@@YAJPEDJ@Z 0000000180021e10 f i libucrtd:output.obj
 0001:00025780       ??$count@D@formatting_buffer@__crt_stdio_output@@QEBA_KXZ 0000000180026780 f i libucrtd:output.obj
 0001:000257e0       ??$count@_W@formatting_buffer@__crt_stdio_output@@QEBA_KXZ 00000001800267e0 f i libucrtd:output.obj
 0001:00025850       ??$data@D@formatting_buffer@__crt_stdio_output@@QEAAPEADXZ 0000000180026850 f i libucrtd:output.obj
 0001:000258b0       ??$data@_W@formatting_buffer@__crt_stdio_output@@QEAAPEA_WXZ 00000001800268b0 f i libucrtd:output.obj
 0001:00025910       ??$ensure_buffer_is_big_enough@D@formatting_buffer@__crt_stdio_output@@QEAA_N_K@Z 0000000180026910 f i libucrtd:output.obj
 0001:00025a80       ??$ensure_buffer_is_big_enough@_W@formatting_buffer@__crt_stdio_output@@QEAA_N_K@Z 0000000180026a80 f i libucrtd:output.obj
 0001:00025c00       ??$extract_argument_from_va_list@C_J@?$positional_parameter_base@DV?$stream_output_adapter@D@__crt_stdio_output@@@__crt_stdio_output@@IEAA_NAEA_J@Z 0000000180026c00 f i libucrtd:output.obj
 0001:00025de0       ??$extract_argument_from_va_list@C_J@?$positional_parameter_base@DV?$string_output_adapter@D@__crt_stdio_output@@@__crt_stdio_output@@IEAA_NAEA_J@Z 0000000180026de0 f i libucrtd:output.obj
 0001:00025fc0       ??$extract_argument_from_va_list@C_J@?$positional_parameter_base@_WV?$stream_output_adapter@_W@__crt_stdio_output@@@__crt_stdio_output@@IEAA_NAEA_J@Z 0000000180026fc0 f i libucrtd:output.obj
 0001:000261a0       ??$extract_argument_from_va_list@C_J@?$positional_parameter_base@_WV?$string_output_adapter@_W@__crt_stdio_output@@@__crt_stdio_output@@IEAA_NAEA_J@Z 00000001800271a0 f i libucrtd:output.obj
 0001:00026380       ??$extract_argument_from_va_list@C_J@?$standard_base@DV?$stream_output_adapter@D@__crt_stdio_output@@@__crt_stdio_output@@IEAA_NAEA_J@Z 0000000180027380 f i libucrtd:output.obj
 0001:000263c0       ??$extract_argument_from_va_list@C_J@?$standard_base@DV?$string_output_adapter@D@__crt_stdio_output@@@__crt_stdio_output@@IEAA_NAEA_J@Z 00000001800273c0 f i libucrtd:output.obj
 0001:00026400       ??$extract_argument_from_va_list@C_J@?$standard_base@_WV?$stream_output_adapter@_W@__crt_stdio_output@@@__crt_stdio_output@@IEAA_NAEA_J@Z 0000000180027400 f i libucrtd:output.obj
 0001:00026440       ??$extract_argument_from_va_list@C_J@?$standard_base@_WV?$string_output_adapter@_W@__crt_stdio_output@@@__crt_stdio_output@@IEAA_NAEA_J@Z 0000000180027440 f i libucrtd:output.obj
 0001:00026480       ??$extract_argument_from_va_list@E_J@?$positional_parameter_base@DV?$stream_output_adapter@D@__crt_stdio_output@@@__crt_stdio_output@@IEAA_NAEA_J@Z 0000000180027480 f i libucrtd:output.obj
 0001:00026660       ??$extract_argument_from_va_list@E_J@?$positional_parameter_base@DV?$string_output_adapter@D@__crt_stdio_output@@@__crt_stdio_output@@IEAA_NAEA_J@Z 0000000180027660 f i libucrtd:output.obj
 0001:00026840       ??$extract_argument_from_va_list@E_J@?$positional_parameter_base@_WV?$stream_output_adapter@_W@__crt_stdio_output@@@__crt_stdio_output@@IEAA_NAEA_J@Z 0000000180027840 f i libucrtd:output.obj
 0001:00026a20       ??$extract_argument_from_va_list@E_J@?$positional_parameter_base@_WV?$string_output_adapter@_W@__crt_stdio_output@@@__crt_stdio_output@@IEAA_NAEA_J@Z 0000000180027a20 f i libucrtd:output.obj
 0001:00026c00       ??$extract_argument_from_va_list@E_J@?$standard_base@DV?$stream_output_adapter@D@__crt_stdio_output@@@__crt_stdio_output@@IEAA_NAEA_J@Z 0000000180027c00 f i libucrtd:output.obj
 0001:00026c40       ??$extract_argument_from_va_list@E_J@?$standard_base@DV?$string_output_adapter@D@__crt_stdio_output@@@__crt_stdio_output@@IEAA_NAEA_J@Z 0000000180027c40 f i libucrtd:output.obj
 0001:00026c80       ??$extract_argument_from_va_list@E_J@?$standard_base@_WV?$stream_output_adapter@_W@__crt_stdio_output@@@__crt_stdio_output@@IEAA_NAEA_J@Z 0000000180027c80 f i libucrtd:output.obj
 0001:00026cc0       ??$extract_argument_from_va_list@E_J@?$standard_base@_WV?$string_output_adapter@_W@__crt_stdio_output@@@__crt_stdio_output@@IEAA_NAEA_J@Z 0000000180027cc0 f i libucrtd:output.obj
 0001:00026d00       ??$extract_argument_from_va_list@F_J@?$positional_parameter_base@DV?$stream_output_adapter@D@__crt_stdio_output@@@__crt_stdio_output@@IEAA_NAEA_J@Z 0000000180027d00 f i libucrtd:output.obj
 0001:00026ee0       ??$extract_argument_from_va_list@F_J@?$positional_parameter_base@DV?$string_output_adapter@D@__crt_stdio_output@@@__crt_stdio_output@@IEAA_NAEA_J@Z 0000000180027ee0 f i libucrtd:output.obj
 0001:000270c0       ??$extract_argument_from_va_list@F_J@?$positional_parameter_base@_WV?$stream_output_adapter@_W@__crt_stdio_output@@@__crt_stdio_output@@IEAA_NAEA_J@Z 00000001800280c0 f i libucrtd:output.obj
 0001:000272a0       ??$extract_argument_from_va_list@F_J@?$positional_parameter_base@_WV?$string_output_adapter@_W@__crt_stdio_output@@@__crt_stdio_output@@IEAA_NAEA_J@Z 00000001800282a0 f i libucrtd:output.obj
 0001:00027480       ??$extract_argument_from_va_list@F_J@?$standard_base@DV?$stream_output_adapter@D@__crt_stdio_output@@@__crt_stdio_output@@IEAA_NAEA_J@Z 0000000180028480 f i libucrtd:output.obj
 0001:000274c0       ??$extract_argument_from_va_list@F_J@?$standard_base@DV?$string_output_adapter@D@__crt_stdio_output@@@__crt_stdio_output@@IEAA_NAEA_J@Z 00000001800284c0 f i libucrtd:output.obj
 0001:00027500       ??$extract_argument_from_va_list@F_J@?$standard_base@_WV?$stream_output_adapter@_W@__crt_stdio_output@@@__crt_stdio_output@@IEAA_NAEA_J@Z 0000000180028500 f i libucrtd:output.obj
 0001:00027540       ??$extract_argument_from_va_list@F_J@?$standard_base@_WV?$string_output_adapter@_W@__crt_stdio_output@@@__crt_stdio_output@@IEAA_NAEA_J@Z 0000000180028540 f i libucrtd:output.obj
 0001:00027580       ??$extract_argument_from_va_list@GD@?$positional_parameter_base@DV?$stream_output_adapter@D@__crt_stdio_output@@@__crt_stdio_output@@IEAA_NAEAD@Z 0000000180028580 f i libucrtd:output.obj
 0001:00027760       ??$extract_argument_from_va_list@GD@?$positional_parameter_base@DV?$string_output_adapter@D@__crt_stdio_output@@@__crt_stdio_output@@IEAA_NAEAD@Z 0000000180028760 f i libucrtd:output.obj
 0001:00027940       ??$extract_argument_from_va_list@GD@?$standard_base@DV?$stream_output_adapter@D@__crt_stdio_output@@@__crt_stdio_output@@IEAA_NAEAD@Z 0000000180028940 f i libucrtd:output.obj
 0001:00027980       ??$extract_argument_from_va_list@GD@?$standard_base@DV?$string_output_adapter@D@__crt_stdio_output@@@__crt_stdio_output@@IEAA_NAEAD@Z 0000000180028980 f i libucrtd:output.obj
 0001:000279c0       ??$extract_argument_from_va_list@G_J@?$positional_parameter_base@DV?$stream_output_adapter@D@__crt_stdio_output@@@__crt_stdio_output@@IEAA_NAEA_J@Z 00000001800289c0 f i libucrtd:output.obj
 0001:00027ba0       ??$extract_argument_from_va_list@G_J@?$positional_parameter_base@DV?$string_output_adapter@D@__crt_stdio_output@@@__crt_stdio_output@@IEAA_NAEA_J@Z 0000000180028ba0 f i libucrtd:output.obj
 0001:00027d80       ??$extract_argument_from_va_list@G_J@?$positional_parameter_base@_WV?$stream_output_adapter@_W@__crt_stdio_output@@@__crt_stdio_output@@IEAA_NAEA_J@Z 0000000180028d80 f i libucrtd:output.obj
 0001:00027f60       ??$extract_argument_from_va_list@G_J@?$positional_parameter_base@_WV?$string_output_adapter@_W@__crt_stdio_output@@@__crt_stdio_output@@IEAA_NAEA_J@Z 0000000180028f60 f i libucrtd:output.obj
 0001:00028140       ??$extract_argument_from_va_list@G_J@?$standard_base@DV?$stream_output_adapter@D@__crt_stdio_output@@@__crt_stdio_output@@IEAA_NAEA_J@Z 0000000180029140 f i libucrtd:output.obj
 0001:00028180       ??$extract_argument_from_va_list@G_J@?$standard_base@DV?$string_output_adapter@D@__crt_stdio_output@@@__crt_stdio_output@@IEAA_NAEA_J@Z 0000000180029180 f i libucrtd:output.obj
 0001:000281c0       ??$extract_argument_from_va_list@G_J@?$standard_base@_WV?$stream_output_adapter@_W@__crt_stdio_output@@@__crt_stdio_output@@IEAA_NAEA_J@Z 00000001800291c0 f i libucrtd:output.obj
 0001:00028200       ??$extract_argument_from_va_list@G_J@?$standard_base@_WV?$string_output_adapter@_W@__crt_stdio_output@@@__crt_stdio_output@@IEAA_NAEA_J@Z 0000000180029200 f i libucrtd:output.obj
 0001:00028240       ??$extract_argument_from_va_list@H_J@?$positional_parameter_base@DV?$stream_output_adapter@D@__crt_stdio_output@@@__crt_stdio_output@@IEAA_NAEA_J@Z 0000000180029240 f i libucrtd:output.obj
 0001:00028420       ??$extract_argument_from_va_list@H_J@?$positional_parameter_base@DV?$string_output_adapter@D@__crt_stdio_output@@@__crt_stdio_output@@IEAA_NAEA_J@Z 0000000180029420 f i libucrtd:output.obj
 0001:00028600       ??$extract_argument_from_va_list@H_J@?$positional_parameter_base@_WV?$stream_output_adapter@_W@__crt_stdio_output@@@__crt_stdio_output@@IEAA_NAEA_J@Z 0000000180029600 f i libucrtd:output.obj
 0001:000287e0       ??$extract_argument_from_va_list@H_J@?$positional_parameter_base@_WV?$string_output_adapter@_W@__crt_stdio_output@@@__crt_stdio_output@@IEAA_NAEA_J@Z 00000001800297e0 f i libucrtd:output.obj
 0001:000289c0       ??$extract_argument_from_va_list@H_J@?$standard_base@DV?$stream_output_adapter@D@__crt_stdio_output@@@__crt_stdio_output@@IEAA_NAEA_J@Z 00000001800299c0 f i libucrtd:output.obj
 0001:00028a00       ??$extract_argument_from_va_list@H_J@?$standard_base@DV?$string_output_adapter@D@__crt_stdio_output@@@__crt_stdio_output@@IEAA_NAEA_J@Z 0000000180029a00 f i libucrtd:output.obj
 0001:00028a40       ??$extract_argument_from_va_list@H_J@?$standard_base@_WV?$stream_output_adapter@_W@__crt_stdio_output@@@__crt_stdio_output@@IEAA_NAEA_J@Z 0000000180029a40 f i libucrtd:output.obj
 0001:00028a80       ??$extract_argument_from_va_list@H_J@?$standard_base@_WV?$string_output_adapter@_W@__crt_stdio_output@@@__crt_stdio_output@@IEAA_NAEA_J@Z 0000000180029a80 f i libucrtd:output.obj
 0001:00028ac0       ??$extract_argument_from_va_list@I_J@?$positional_parameter_base@DV?$stream_output_adapter@D@__crt_stdio_output@@@__crt_stdio_output@@IEAA_NAEA_J@Z 0000000180029ac0 f i libucrtd:output.obj
 0001:00028ca0       ??$extract_argument_from_va_list@I_J@?$positional_parameter_base@DV?$string_output_adapter@D@__crt_stdio_output@@@__crt_stdio_output@@IEAA_NAEA_J@Z 0000000180029ca0 f i libucrtd:output.obj
 0001:00028e80       ??$extract_argument_from_va_list@I_J@?$positional_parameter_base@_WV?$stream_output_adapter@_W@__crt_stdio_output@@@__crt_stdio_output@@IEAA_NAEA_J@Z 0000000180029e80 f i libucrtd:output.obj
 0001:00029060       ??$extract_argument_from_va_list@I_J@?$positional_parameter_base@_WV?$string_output_adapter@_W@__crt_stdio_output@@@__crt_stdio_output@@IEAA_NAEA_J@Z 000000018002a060 f i libucrtd:output.obj
 0001:00029240       ??$extract_argument_from_va_list@I_J@?$standard_base@DV?$stream_output_adapter@D@__crt_stdio_output@@@__crt_stdio_output@@IEAA_NAEA_J@Z 000000018002a240 f i libucrtd:output.obj
 0001:00029280       ??$extract_argument_from_va_list@I_J@?$standard_base@DV?$string_output_adapter@D@__crt_stdio_output@@@__crt_stdio_output@@IEAA_NAEA_J@Z 000000018002a280 f i libucrtd:output.obj
 0001:000292c0       ??$extract_argument_from_va_list@I_J@?$standard_base@_WV?$stream_output_adapter@_W@__crt_stdio_output@@@__crt_stdio_output@@IEAA_NAEA_J@Z 000000018002a2c0 f i libucrtd:output.obj
 0001:00029300       ??$extract_argument_from_va_list@I_J@?$standard_base@_WV?$string_output_adapter@_W@__crt_stdio_output@@@__crt_stdio_output@@IEAA_NAEA_J@Z 000000018002a300 f i libucrtd:output.obj
 0001:00029340       ??$extract_argument_from_va_list@PEADPEAD@?$positional_parameter_base@DV?$stream_output_adapter@D@__crt_stdio_output@@@__crt_stdio_output@@IEAA_NAEAPEAD@Z 000000018002a340 f i libucrtd:output.obj
 0001:00029520       ??$extract_argument_from_va_list@PEADPEAD@?$positional_parameter_base@DV?$string_output_adapter@D@__crt_stdio_output@@@__crt_stdio_output@@IEAA_NAEAPEAD@Z 000000018002a520 f i libucrtd:output.obj
 0001:00029700       ??$extract_argument_from_va_list@PEADPEAD@?$positional_parameter_base@_WV?$stream_output_adapter@_W@__crt_stdio_output@@@__crt_stdio_output@@IEAA_NAEAPEAD@Z 000000018002a700 f i libucrtd:output.obj
 0001:000298e0       ??$extract_argument_from_va_list@PEADPEAD@?$positional_parameter_base@_WV?$string_output_adapter@_W@__crt_stdio_output@@@__crt_stdio_output@@IEAA_NAEAPEAD@Z 000000018002a8e0 f i libucrtd:output.obj
 0001:00029ac0       ??$extract_argument_from_va_list@PEADPEAD@?$standard_base@DV?$stream_output_adapter@D@__crt_stdio_output@@@__crt_stdio_output@@IEAA_NAEAPEAD@Z 000000018002aac0 f i libucrtd:output.obj
 0001:00029b00       ??$extract_argument_from_va_list@PEADPEAD@?$standard_base@DV?$string_output_adapter@D@__crt_stdio_output@@@__crt_stdio_output@@IEAA_NAEAPEAD@Z 000000018002ab00 f i libucrtd:output.obj
 0001:00029b40       ??$extract_argument_from_va_list@PEADPEAD@?$standard_base@_WV?$stream_output_adapter@_W@__crt_stdio_output@@@__crt_stdio_output@@IEAA_NAEAPEAD@Z 000000018002ab40 f i libucrtd:output.obj
 0001:00029b80       ??$extract_argument_from_va_list@PEADPEAD@?$standard_base@_WV?$string_output_adapter@_W@__crt_stdio_output@@@__crt_stdio_output@@IEAA_NAEAPEAD@Z 000000018002ab80 f i libucrtd:output.obj
 0001:0002a640       ??$extract_argument_from_va_list@PEAXPEAX@?$positional_parameter_base@DV?$stream_output_adapter@D@__crt_stdio_output@@@__crt_stdio_output@@IEAA_NAEAPEAX@Z 000000018002b640 f i libucrtd:output.obj
 0001:0002a820       ??$extract_argument_from_va_list@PEAXPEAX@?$positional_parameter_base@DV?$string_output_adapter@D@__crt_stdio_output@@@__crt_stdio_output@@IEAA_NAEAPEAX@Z 000000018002b820 f i libucrtd:output.obj
 0001:0002aa00       ??$extract_argument_from_va_list@PEAXPEAX@?$positional_parameter_base@_WV?$stream_output_adapter@_W@__crt_stdio_output@@@__crt_stdio_output@@IEAA_NAEAPEAX@Z 000000018002ba00 f i libucrtd:output.obj
 0001:0002abe0       ??$extract_argument_from_va_list@PEAXPEAX@?$positional_parameter_base@_WV?$string_output_adapter@_W@__crt_stdio_output@@@__crt_stdio_output@@IEAA_NAEAPEAX@Z 000000018002bbe0 f i libucrtd:output.obj
 0001:0002adc0       ??$extract_argument_from_va_list@PEAXPEAX@?$standard_base@DV?$stream_output_adapter@D@__crt_stdio_output@@@__crt_stdio_output@@IEAA_NAEAPEAX@Z 000000018002bdc0 f i libucrtd:output.obj
 0001:0002ae00       ??$extract_argument_from_va_list@PEAXPEAX@?$standard_base@DV?$string_output_adapter@D@__crt_stdio_output@@@__crt_stdio_output@@IEAA_NAEAPEAX@Z 000000018002be00 f i libucrtd:output.obj
 0001:0002ae40       ??$extract_argument_from_va_list@PEAXPEAX@?$standard_base@_WV?$stream_output_adapter@_W@__crt_stdio_output@@@__crt_stdio_output@@IEAA_NAEAPEAX@Z 000000018002be40 f i libucrtd:output.obj
 0001:0002ae80       ??$extract_argument_from_va_list@PEAXPEAX@?$standard_base@_WV?$string_output_adapter@_W@__crt_stdio_output@@@__crt_stdio_output@@IEAA_NAEAPEAX@Z 000000018002be80 f i libucrtd:output.obj
 0001:0002aec0       ??$extract_argument_from_va_list@U_CRT_DOUBLE@@U1@@?$positional_parameter_base@DV?$stream_output_adapter@D@__crt_stdio_output@@@__crt_stdio_output@@IEAA_NAEAU_CRT_DOUBLE@@@Z 000000018002bec0 f i libucrtd:output.obj
 0001:0002b0d0       ??$extract_argument_from_va_list@U_CRT_DOUBLE@@U1@@?$positional_parameter_base@DV?$string_output_adapter@D@__crt_stdio_output@@@__crt_stdio_output@@IEAA_NAEAU_CRT_DOUBLE@@@Z 000000018002c0d0 f i libucrtd:output.obj
 0001:0002b2e0       ??$extract_argument_from_va_list@U_CRT_DOUBLE@@U1@@?$positional_parameter_base@_WV?$stream_output_adapter@_W@__crt_stdio_output@@@__crt_stdio_output@@IEAA_NAEAU_CRT_DOUBLE@@@Z 000000018002c2e0 f i libucrtd:output.obj
 0001:0002b4f0       ??$extract_argument_from_va_list@U_CRT_DOUBLE@@U1@@?$positional_parameter_base@_WV?$string_output_adapter@_W@__crt_stdio_output@@@__crt_stdio_output@@IEAA_NAEAU_CRT_DOUBLE@@@Z 000000018002c4f0 f i libucrtd:output.obj
 0001:0002b700       ??$extract_argument_from_va_list@U_CRT_DOUBLE@@U1@@?$standard_base@DV?$stream_output_adapter@D@__crt_stdio_output@@@__crt_stdio_output@@IEAA_NAEAU_CRT_DOUBLE@@@Z 000000018002c700 f i libucrtd:output.obj
 0001:0002b760       ??$extract_argument_from_va_list@U_CRT_DOUBLE@@U1@@?$standard_base@DV?$string_output_adapter@D@__crt_stdio_output@@@__crt_stdio_output@@IEAA_NAEAU_CRT_DOUBLE@@@Z 000000018002c760 f i libucrtd:output.obj
 0001:0002b7c0       ??$extract_argument_from_va_list@U_CRT_DOUBLE@@U1@@?$standard_base@_WV?$stream_output_adapter@_W@__crt_stdio_output@@@__crt_stdio_output@@IEAA_NAEAU_CRT_DOUBLE@@@Z 000000018002c7c0 f i libucrtd:output.obj
 0001:0002b820       ??$extract_argument_from_va_list@U_CRT_DOUBLE@@U1@@?$standard_base@_WV?$string_output_adapter@_W@__crt_stdio_output@@@__crt_stdio_output@@IEAA_NAEAU_CRT_DOUBLE@@@Z 000000018002c820 f i libucrtd:output.obj
 0001:0002b880       ??$extract_argument_from_va_list@_J_J@?$positional_parameter_base@DV?$stream_output_adapter@D@__crt_stdio_output@@@__crt_stdio_output@@IEAA_NAEA_J@Z 000000018002c880 f i libucrtd:output.obj
 0001:0002ba60       ??$extract_argument_from_va_list@_J_J@?$positional_parameter_base@DV?$string_output_adapter@D@__crt_stdio_output@@@__crt_stdio_output@@IEAA_NAEA_J@Z 000000018002ca60 f i libucrtd:output.obj
 0001:0002bc40       ??$extract_argument_from_va_list@_J_J@?$positional_parameter_base@_WV?$stream_output_adapter@_W@__crt_stdio_output@@@__crt_stdio_output@@IEAA_NAEA_J@Z 000000018002cc40 f i libucrtd:output.obj
 0001:0002be20       ??$extract_argument_from_va_list@_J_J@?$positional_parameter_base@_WV?$string_output_adapter@_W@__crt_stdio_output@@@__crt_stdio_output@@IEAA_NAEA_J@Z 000000018002ce20 f i libucrtd:output.obj
 0001:0002c000       ??$extract_argument_from_va_list@_J_J@?$standard_base@DV?$stream_output_adapter@D@__crt_stdio_output@@@__crt_stdio_output@@IEAA_NAEA_J@Z 000000018002d000 f i libucrtd:output.obj
 0001:0002c040       ??$extract_argument_from_va_list@_J_J@?$standard_base@DV?$string_output_adapter@D@__crt_stdio_output@@@__crt_stdio_output@@IEAA_NAEA_J@Z 000000018002d040 f i libucrtd:output.obj
 0001:0002c080       ??$extract_argument_from_va_list@_J_J@?$standard_base@_WV?$stream_output_adapter@_W@__crt_stdio_output@@@__crt_stdio_output@@IEAA_NAEA_J@Z 000000018002d080 f i libucrtd:output.obj
 0001:0002c0c0       ??$extract_argument_from_va_list@_J_J@?$standard_base@_WV?$string_output_adapter@_W@__crt_stdio_output@@@__crt_stdio_output@@IEAA_NAEA_J@Z 000000018002d0c0 f i libucrtd:output.obj
 0001:0002c100       ??$extract_argument_from_va_list@_K_J@?$positional_parameter_base@DV?$stream_output_adapter@D@__crt_stdio_output@@@__crt_stdio_output@@IEAA_NAEA_J@Z 000000018002d100 f i libucrtd:output.obj
 0001:0002c2e0       ??$extract_argument_from_va_list@_K_J@?$positional_parameter_base@DV?$string_output_adapter@D@__crt_stdio_output@@@__crt_stdio_output@@IEAA_NAEA_J@Z 000000018002d2e0 f i libucrtd:output.obj
 0001:0002c4c0       ??$extract_argument_from_va_list@_K_J@?$positional_parameter_base@_WV?$stream_output_adapter@_W@__crt_stdio_output@@@__crt_stdio_output@@IEAA_NAEA_J@Z 000000018002d4c0 f i libucrtd:output.obj
 0001:0002c6a0       ??$extract_argument_from_va_list@_K_J@?$positional_parameter_base@_WV?$string_output_adapter@_W@__crt_stdio_output@@@__crt_stdio_output@@IEAA_NAEA_J@Z 000000018002d6a0 f i libucrtd:output.obj
 0001:0002c880       ??$extract_argument_from_va_list@_K_J@?$standard_base@DV?$stream_output_adapter@D@__crt_stdio_output@@@__crt_stdio_output@@IEAA_NAEA_J@Z 000000018002d880 f i libucrtd:output.obj
 0001:0002c8c0       ??$extract_argument_from_va_list@_K_J@?$standard_base@DV?$string_output_adapter@D@__crt_stdio_output@@@__crt_stdio_output@@IEAA_NAEA_J@Z 000000018002d8c0 f i libucrtd:output.obj
 0001:0002c900       ??$extract_argument_from_va_list@_K_J@?$standard_base@_WV?$stream_output_adapter@_W@__crt_stdio_output@@@__crt_stdio_output@@IEAA_NAEA_J@Z 000000018002d900 f i libucrtd:output.obj
 0001:0002c940       ??$extract_argument_from_va_list@_K_J@?$standard_base@_WV?$string_output_adapter@_W@__crt_stdio_output@@@__crt_stdio_output@@IEAA_NAEA_J@Z 000000018002d940 f i libucrtd:output.obj
 0001:0002c980       ??$extract_argument_from_va_list@_W_W@?$positional_parameter_base@DV?$stream_output_adapter@D@__crt_stdio_output@@@__crt_stdio_output@@IEAA_NAEA_W@Z 000000018002d980 f i libucrtd:output.obj
 0001:0002cb60       ??$extract_argument_from_va_list@_W_W@?$positional_parameter_base@DV?$string_output_adapter@D@__crt_stdio_output@@@__crt_stdio_output@@IEAA_NAEA_W@Z 000000018002db60 f i libucrtd:output.obj
 0001:0002cd40       ??$extract_argument_from_va_list@_W_W@?$positional_parameter_base@_WV?$stream_output_adapter@_W@__crt_stdio_output@@@__crt_stdio_output@@IEAA_NAEA_W@Z 000000018002dd40 f i libucrtd:output.obj
 0001:0002cf20       ??$extract_argument_from_va_list@_W_W@?$positional_parameter_base@_WV?$string_output_adapter@_W@__crt_stdio_output@@@__crt_stdio_output@@IEAA_NAEA_W@Z 000000018002df20 f i libucrtd:output.obj
 0001:0002d100       ??$extract_argument_from_va_list@_W_W@?$standard_base@DV?$stream_output_adapter@D@__crt_stdio_output@@@__crt_stdio_output@@IEAA_NAEA_W@Z 000000018002e100 f i libucrtd:output.obj
 0001:0002d140       ??$extract_argument_from_va_list@_W_W@?$standard_base@DV?$string_output_adapter@D@__crt_stdio_output@@@__crt_stdio_output@@IEAA_NAEA_W@Z 000000018002e140 f i libucrtd:output.obj
 0001:0002d180       ??$extract_argument_from_va_list@_W_W@?$standard_base@_WV?$stream_output_adapter@_W@__crt_stdio_output@@@__crt_stdio_output@@IEAA_NAEA_W@Z 000000018002e180 f i libucrtd:output.obj
 0001:0002d1c0       ??$extract_argument_from_va_list@_W_W@?$standard_base@_WV?$string_output_adapter@_W@__crt_stdio_output@@@__crt_stdio_output@@IEAA_NAEA_W@Z 000000018002e1c0 f i libucrtd:output.obj
 0001:0002d200       ??$get_parameter_type@D@?$positional_parameter_base@DV?$stream_output_adapter@D@__crt_stdio_output@@@__crt_stdio_output@@CA?AW4parameter_type@01@PEAD@Z 000000018002e200 f i libucrtd:output.obj
 0001:0002d210       ??$get_parameter_type@D@?$positional_parameter_base@DV?$string_output_adapter@D@__crt_stdio_output@@@__crt_stdio_output@@CA?AW4parameter_type@01@PEAD@Z 000000018002e210 f i libucrtd:output.obj
 0001:0002d220       ??$get_parameter_type@D@?$positional_parameter_base@_WV?$stream_output_adapter@_W@__crt_stdio_output@@@__crt_stdio_output@@CA?AW4parameter_type@01@PEAD@Z 000000018002e220 f i libucrtd:output.obj
 0001:0002d230       ??$get_parameter_type@D@?$positional_parameter_base@_WV?$string_output_adapter@_W@__crt_stdio_output@@@__crt_stdio_output@@CA?AW4parameter_type@01@PEAD@Z 000000018002e230 f i libucrtd:output.obj
 0001:0002d280       ??$get_parameter_type@X@?$positional_parameter_base@DV?$stream_output_adapter@D@__crt_stdio_output@@@__crt_stdio_output@@CA?AW4parameter_type@01@PEAX@Z 000000018002e280 f i libucrtd:output.obj
 0001:0002d290       ??$get_parameter_type@X@?$positional_parameter_base@DV?$string_output_adapter@D@__crt_stdio_output@@@__crt_stdio_output@@CA?AW4parameter_type@01@PEAX@Z 000000018002e290 f i libucrtd:output.obj
 0001:0002d2a0       ??$get_parameter_type@X@?$positional_parameter_base@_WV?$stream_output_adapter@_W@__crt_stdio_output@@@__crt_stdio_output@@CA?AW4parameter_type@01@PEAX@Z 000000018002e2a0 f i libucrtd:output.obj
 0001:0002d2b0       ??$get_parameter_type@X@?$positional_parameter_base@_WV?$string_output_adapter@_W@__crt_stdio_output@@@__crt_stdio_output@@CA?AW4parameter_type@01@PEAX@Z 000000018002e2b0 f i libucrtd:output.obj
 0001:0002d2c0       ??$is_character_specifier@D@?$positional_parameter_base@DV?$stream_output_adapter@D@__crt_stdio_output@@@__crt_stdio_output@@CA_ND@Z 000000018002e2c0 f i libucrtd:output.obj
 0001:0002d310       ??$is_character_specifier@D@?$positional_parameter_base@DV?$string_output_adapter@D@__crt_stdio_output@@@__crt_stdio_output@@CA_ND@Z 000000018002e310 f i libucrtd:output.obj
 0001:0002d360       ??$is_character_specifier@_W@?$positional_parameter_base@_WV?$stream_output_adapter@_W@__crt_stdio_output@@@__crt_stdio_output@@CA_N_W@Z 000000018002e360 f i libucrtd:output.obj
 0001:0002d3b0       ??$is_character_specifier@_W@?$positional_parameter_base@_WV?$string_output_adapter@_W@__crt_stdio_output@@@__crt_stdio_output@@CA_N_W@Z 000000018002e3b0 f i libucrtd:output.obj
 0001:0002d400       ??$is_integral_specifier@D@?$positional_parameter_base@DV?$stream_output_adapter@D@__crt_stdio_output@@@__crt_stdio_output@@CA_ND@Z 000000018002e400 f i libucrtd:output.obj
 0001:0002d480       ??$is_integral_specifier@D@?$positional_parameter_base@DV?$string_output_adapter@D@__crt_stdio_output@@@__crt_stdio_output@@CA_ND@Z 000000018002e480 f i libucrtd:output.obj
 0001:0002d500       ??$is_integral_specifier@_W@?$positional_parameter_base@_WV?$stream_output_adapter@_W@__crt_stdio_output@@@__crt_stdio_output@@CA_N_W@Z 000000018002e500 f i libucrtd:output.obj
 0001:0002d590       ??$is_integral_specifier@_W@?$positional_parameter_base@_WV?$string_output_adapter@_W@__crt_stdio_output@@@__crt_stdio_output@@CA_N_W@Z 000000018002e590 f i libucrtd:output.obj
 0001:0002d620       ??$is_pointer_specifier@D@?$positional_parameter_base@DV?$stream_output_adapter@D@__crt_stdio_output@@@__crt_stdio_output@@CA_ND@Z 000000018002e620 f i libucrtd:output.obj
 0001:0002d660       ??$is_pointer_specifier@D@?$positional_parameter_base@DV?$string_output_adapter@D@__crt_stdio_output@@@__crt_stdio_output@@CA_ND@Z 000000018002e660 f i libucrtd:output.obj
 0001:0002d6a0       ??$is_pointer_specifier@_W@?$positional_parameter_base@_WV?$stream_output_adapter@_W@__crt_stdio_output@@@__crt_stdio_output@@CA_N_W@Z 000000018002e6a0 f i libucrtd:output.obj
 0001:0002d6e0       ??$is_pointer_specifier@_W@?$positional_parameter_base@_WV?$string_output_adapter@_W@__crt_stdio_output@@@__crt_stdio_output@@CA_N_W@Z 000000018002e6e0 f i libucrtd:output.obj
 0001:0002d720       ??$is_string_specifier@D@?$positional_parameter_base@DV?$stream_output_adapter@D@__crt_stdio_output@@@__crt_stdio_output@@CA_ND@Z 000000018002e720 f i libucrtd:output.obj
 0001:0002d770       ??$is_string_specifier@D@?$positional_parameter_base@DV?$string_output_adapter@D@__crt_stdio_output@@@__crt_stdio_output@@CA_ND@Z 000000018002e770 f i libucrtd:output.obj
 0001:0002d7c0       ??$is_string_specifier@_W@?$positional_parameter_base@_WV?$stream_output_adapter@_W@__crt_stdio_output@@@__crt_stdio_output@@CA_N_W@Z 000000018002e7c0 f i libucrtd:output.obj
 0001:0002d810       ??$is_string_specifier@_W@?$positional_parameter_base@_WV?$string_output_adapter@_W@__crt_stdio_output@@@__crt_stdio_output@@CA_N_W@Z 000000018002e810 f i libucrtd:output.obj
 0001:0002d860       ??$is_wide_character_specifier@D@__crt_stdio_output@@YA_N_KDW4length_modifier@0@@Z 000000018002e860 f i libucrtd:output.obj
 0001:0002d920       ??$is_wide_character_specifier@_W@__crt_stdio_output@@YA_N_K_WW4length_modifier@0@@Z 000000018002e920 f i libucrtd:output.obj
 0001:0002da20       ??$peek_va_arg@C@__crt_stdio_output@@YACPEAD@Z 000000018002ea20 f i libucrtd:output.obj
[...]
 0003:000000b0       __abort_behavior           00000001800ec0b0     libucrtd:abort.obj
 0003:000000cc       __mb_cur_max               00000001800ec0cc     libucrtd:nlsdata.obj
 0003:000000d0       __acrt_initial_locale_data 00000001800ec0d0     libucrtd:nlsdata.obj
 0003:00000270       __acrt_initial_locale_pointers 00000001800ec270     libucrtd:nlsdata.obj
 0003:00000284       __acrt_wide_c_locale_string 00000001800ec284     libucrtd:nlsdata.obj
 0003:00000288       _crtAssertBusy             00000001800ec288     libucrtd:dbgrptt.obj
 0003:00000290       _CrtDbgMode                00000001800ec290     libucrtd:dbgrptt.obj
 0003:000002a0       _CrtDbgFile                00000001800ec2a0     libucrtd:dbgrptt.obj
 0003:000002d0       _iob                       00000001800ec2d0     libucrtd:_file.obj
 0003:00000410       __badioinfo                00000001800ec410     libucrtd:ioinit.obj
 0003:00000800       __acrt_initial_multibyte_data 00000001800ec800     libucrtd:mbctype.obj
 0003:00000a98       _pfnAllocHook              00000001800eca98     libucrtd:debug_heap_hook.obj
 0003:00000aa4       __globallocalestatus       00000001800ecaa4     libucrtd:glstatus.obj
 0003:00000aa8       _pctype                    00000001800ecaa8     libucrtd:ctype.obj
 0003:00000ab8       _pwctype                   00000001800ecab8     libucrtd:ctype.obj
 0003:00000ac4       __acrt_lconv_static_decimal 00000001800ecac4     libucrtd:localeconv.obj
 0003:00000ac8       __acrt_lconv_static_W_decimal 00000001800ecac8     libucrtd:localeconv.obj
 0003:00000ad0       __acrt_lconv_c             00000001800ecad0     libucrtd:localeconv.obj
 0003:00000b88       __acrt_lconv               00000001800ecb88     libucrtd:localeconv.obj
 0003:00000bc0       _fltused                   00000001800ecbc0     LIBCMTD:fltused.obj
 0003:00000d08       ??_R0?AVDNameNode@@@8      00000001800ecd08     libvcruntimed:undname.obj
 0003:00000d30       ??_R0?AVcharNode@@@8       00000001800ecd30     libvcruntimed:undname.obj
 0003:00000d58       ??_R0?AVpcharNode@@@8      00000001800ecd58     libvcruntimed:undname.obj
 0003:00000d80       ??_R0?AVpDNameNode@@@8     00000001800ecd80     libvcruntimed:undname.obj
 0003:00000da8       ??_R0?AVDNameStatusNode@@@8 00000001800ecda8     libvcruntimed:undname.obj
 0003:00000dd8       ??_R0?AVpairNode@@@8       00000001800ecdd8     libvcruntimed:undname.obj
 0003:00000e00       ??_R0?AVtype_info@@@8      00000001800ece00     LIBCMTD:std_type_info_static.obj
 0003:00000e28       ??_R0?AVbad_exception@std@@@8 00000001800ece28     libvcruntimed:frame.obj
 0003:00000e58       ??_R0?AVexception@std@@@8  00000001800ece58     libvcruntimed:frame.obj
 0003:00000e88       ??_R0?AVbad_alloc@std@@@8  00000001800ece88     libvcruntimed:ehhelpers.obj
 0003:00000fc0       __hmod__node_exe           00000001800ecfc0     node:node.exe
 0003:00000fd0       ?_OptionsStorage@?1??__local_stdio_printf_options@@9@4_KA 00000001800ecfd0     LIBCMTD:_error_.obj
 0003:00001000       ?__type_info_root_node@@3U__type_info_node@@A 00000001800ed000     LIBCMTD:tncleanup.obj
 0003:00001018       ?_OptionsStorage@?1??__local_stdio_scanf_options@@9@4_KA 00000001800ed018     LIBCMTD:default_local_stdio_options.obj
 0003:0000105c       __scrt_current_native_startup_state 00000001800ed05c     LIBCMTD:utility.obj
 0003:00001060       __scrt_native_startup_lock 00000001800ed060     LIBCMTD:utility.obj
 0003:00001078       __scrt_debugger_hook_flag  00000001800ed078     LIBCMTD:utility_desktop.obj
 0003:0000108c       __favor                    00000001800ed08c     LIBCMTD:_cpu_disp_.obj
 0003:00001718       ?pArgList@UnDecorator@@0PEAVReplicator@@EA 00000001800ed718     libvcruntimed:undname.obj
 0003:00001720       ?pZNameList@UnDecorator@@0PEAVReplicator@@EA 00000001800ed720     libvcruntimed:undname.obj
 0003:00001728       ?pTemplateArgList@UnDecorator@@0PEAVReplicator@@EA 00000001800ed728     libvcruntimed:undname.obj
 0003:00001730       ?gName@UnDecorator@@0PEBDEB 00000001800ed730     libvcruntimed:undname.obj
 0003:00001738       ?name@UnDecorator@@0PEBDEB 00000001800ed738     libvcruntimed:undname.obj
 0003:00001740       ?outputString@UnDecorator@@0PEADEA 00000001800ed740     libvcruntimed:undname.obj
 0003:00001748       ?maxStringLength@UnDecorator@@0HA 00000001800ed748     libvcruntimed:undname.obj
 0003:0000174c       ?disableFlags@UnDecorator@@0KA 00000001800ed74c     libvcruntimed:undname.obj
 0003:00001750       ?fExplicitTemplateParams@UnDecorator@@0_NA 00000001800ed750     libvcruntimed:undname.obj
 0003:00001751       ?fGetTemplateArgumentList@UnDecorator@@0_NA 00000001800ed751     libvcruntimed:undname.obj
 0003:00001758       ?m_pGetParameter@UnDecorator@@0P6APEADJ@ZEA 00000001800ed758     libvcruntimed:undname.obj
 0003:00001918       __pPurecall                00000001800ed918     libvcruntimed:purevirt_data.obj
 0003:00001931       ?c_exit_complete@?1???R<lambda_6e4b09c48022b2350581041d5f6b0c4c>@@QEBA@XZ@4_NA 00000001800ed931     libucrtd:exit.obj
 0003:00001cf8       _environ_table             00000001800edcf8     libucrtd:environment_initialization.obj
 0003:00001d00       _wenviron_table            00000001800edd00     libucrtd:environment_initialization.obj
 0003:00001d10       __dcrt_initial_wide_environment 00000001800edd10     libucrtd:environment_initialization.obj
 0003:00001d20       __dcrt_initial_narrow_environment 00000001800edd20     libucrtd:environment_initialization.obj
 0003:00001d30       __acrt_atexit_table        00000001800edd30     libucrtd:onexit.obj
 0003:00001d50       __acrt_at_quick_exit_table 00000001800edd50     libucrtd:onexit.obj
 0003:00001dc8       _pfnDumpClient             00000001800eddc8     libucrtd:debug_heap.obj
 0003:00001de4       __acrt_locale_changed_data 00000001800edde4     libucrtd:wsetlocale.obj
 0003:00001de8       __acrt_current_locale_data 00000001800edde8     libucrtd:nlsdata.obj
 0003:00001df8       _pfnReportHook             00000001800eddf8     libucrtd:dbgrptt.obj
 0003:00001e00       _pReportHookList           00000001800ede00     libucrtd:dbgrptt.obj
 0003:00001e08       _pReportHookListW          00000001800ede08     libucrtd:dbgrptt.obj
 0003:000020f0       _nstream                   00000001800ee0f0     libucrtd:_file.obj
 0003:000020f8       __piob                     00000001800ee0f8     libucrtd:_file.obj
 0003:00002104       _cflush                    00000001800ee104     libucrtd:_file.obj
 0003:00002118       __acrt_stdout_buffer       00000001800ee118     libucrtd:_sftbuf.obj
 0003:00002128       __acrt_stderr_buffer       00000001800ee128     libucrtd:_sftbuf.obj
 0003:00002140       __pioinfo                  00000001800ee140     libucrtd:ioinit.obj
 0003:0000260c       _nhandle                   00000001800ee60c     libucrtd:ioinit.obj
 0003:00002620       _mbctype                   00000001800ee620     libucrtd:mbctype.obj
 0003:00002628       _mbcasemap                 00000001800ee628     libucrtd:mbctype.obj
 0003:00002630       __acrt_current_multibyte_data 00000001800ee630     libucrtd:mbctype.obj
 0003:00002648       _pgmptr                    00000001800ee648     libucrtd:argv_data.obj
 0003:00002658       _wpgmptr                   00000001800ee658     libucrtd:argv_data.obj
 0003:00002664       __argc                     00000001800ee664     libucrtd:argv_data.obj
 0003:00002668       __argv                     00000001800ee668     libucrtd:argv_data.obj
 0003:00002678       __wargv                    00000001800ee678     libucrtd:argv_data.obj
 0003:00002688       _acmdln                    00000001800ee688     libucrtd:argv_data.obj
 0003:00002698       _wcmdln                    00000001800ee698     libucrtd:argv_data.obj
 0003:000028c8       __acrt_heap                00000001800ee8c8     libucrtd:heap_handle.obj
 0003:00003063       __acrt_lconv_static_null   00000001800ef063     libucrtd:localeconv.obj
 0003:00003064       __acrt_lconv_static_W_null 00000001800ef064     libucrtd:localeconv.obj
 0003:0000306c       __fma3_is_available        00000001800ef06c     libucrtd:fma3_available.obj
 0003:00003070       __use_fma3_lib             00000001800ef070     libucrtd:fma3_available.obj
 0003:00003078       ?DloadKernel32@@3PEAUHINSTANCE__@@EA 00000001800ef078     DelayImp:delayhlp.obj
 0003:00003080       ?DloadAcquireSRWLockExclusive@@3P6AXPEA_K@ZEA 00000001800ef080     DelayImp:delayhlp.obj
 0003:00003088       ?DloadReleaseSRWLockExclusive@@3P6AXPEA_K@ZEA 00000001800ef088     DelayImp:delayhlp.obj
 0003:00003090       ?DloadSrwLock@@3_KA        00000001800ef090     DelayImp:delayhlp.obj
 0003:00003098       ?DloadSectionLockCount@@3KA 00000001800ef098     DelayImp:delayhlp.obj
 0003:0000309c       ?DloadSectionOldProtection@@3KA 00000001800ef09c     DelayImp:delayhlp.obj
 0003:000030a0       ?DloadSectionCommitPermanent@@3KA 00000001800ef0a0     DelayImp:delayhlp.obj
 0003:000030b0       ?__WinRTOutOfMemoryExceptionCallback@@3P6APEAXXZEA 00000001800ef0b0     libvcruntimed:ehhelpers.obj
 0003:000030bc       __scrt_ucrt_dll_is_in_use  00000001800ef0bc     <common>
 0003:000030c8       __dyn_tls_init_callback    00000001800ef0c8     <common>
 0005:00000000       __imp_GetModuleHandleA     00000001800f9000     kernel32:KERNEL32.dll
 0005:00000008       __imp_EncodePointer        00000001800f9008     kernel32:KERNEL32.dll
 0005:00000010       __imp_IsDebuggerPresent    00000001800f9010     kernel32:KERNEL32.dll
 0005:00000018       __imp_RaiseException       00000001800f9018     kernel32:KERNEL32.dll
 0005:00000020       __imp_MultiByteToWideChar  00000001800f9020     kernel32:KERNEL32.dll
 0005:00000028       __imp_WideCharToMultiByte  00000001800f9028     kernel32:KERNEL32.dll
 0005:00000030       __imp_QueryPerformanceCounter 00000001800f9030     kernel32:KERNEL32.dll
 0005:00000038       __imp_GetCurrentProcessId  00000001800f9038     kernel32:KERNEL32.dll
 0005:00000040       __imp_GetCurrentThreadId   00000001800f9040     kernel32:KERNEL32.dll
 0005:00000048       __imp_GetSystemTimeAsFileTime 00000001800f9048     kernel32:KERNEL32.dll
 0005:00000050       __imp_InitializeSListHead  00000001800f9050     kernel32:KERNEL32.dll
 0005:00000058       __imp_RtlCaptureContext    00000001800f9058     kernel32:KERNEL32.dll
 0005:00000060       __imp_RtlLookupFunctionEntry 00000001800f9060     kernel32:KERNEL32.dll
 0005:00000068       __imp_RtlVirtualUnwind     00000001800f9068     kernel32:KERNEL32.dll
 0005:00000070       __imp_UnhandledExceptionFilter 00000001800f9070     kernel32:KERNEL32.dll
 0005:00000078       __imp_SetUnhandledExceptionFilter 00000001800f9078     kernel32:KERNEL32.dll
 0005:00000080       __imp_GetStartupInfoW      00000001800f9080     kernel32:KERNEL32.dll
 0005:00000088       __imp_IsProcessorFeaturePresent 00000001800f9088     kernel32:KERNEL32.dll
 0005:00000090       __imp_GetModuleHandleW     00000001800f9090     kernel32:KERNEL32.dll
 0005:00000098       __imp_GetLastError         00000001800f9098     kernel32:KERNEL32.dll
 0005:000000a0       __imp_HeapAlloc            00000001800f90a0     kernel32:KERNEL32.dll
 0005:000000a8       __imp_HeapFree             00000001800f90a8     kernel32:KERNEL32.dll
 0005:000000b0       __imp_GetProcessHeap       00000001800f90b0     kernel32:KERNEL32.dll
 0005:000000b8       __imp_VirtualQuery         00000001800f90b8     kernel32:KERNEL32.dll
 0005:000000c0       __imp_FreeLibrary          00000001800f90c0     kernel32:KERNEL32.dll
 0005:000000c8       __imp_GetProcAddress       00000001800f90c8     kernel32:KERNEL32.dll
 0005:000000d0       __imp_GetCurrentProcess    00000001800f90d0     kernel32:KERNEL32.dll
 0005:000000d8       __imp_TerminateProcess     00000001800f90d8     kernel32:KERNEL32.dll
 0005:000000e0       __imp_RtlUnwindEx          00000001800f90e0     kernel32:KERNEL32.dll
 0005:000000e8       __imp_InterlockedPushEntrySList 00000001800f90e8     kernel32:KERNEL32.dll
 0005:000000f0       __imp_InterlockedFlushSList 00000001800f90f0     kernel32:KERNEL32.dll
 0005:000000f8       __imp_GetModuleFileNameW   00000001800f90f8     kernel32:KERNEL32.dll
 0005:00000100       __imp_LoadLibraryExW       00000001800f9100     kernel32:KERNEL32.dll
 0005:00000108       __imp_SetLastError         00000001800f9108     kernel32:KERNEL32.dll
 0005:00000110       __imp_EnterCriticalSection 00000001800f9110     kernel32:KERNEL32.dll
 0005:00000118       __imp_LeaveCriticalSection 00000001800f9118     kernel32:KERNEL32.dll
 0005:00000120       __imp_DeleteCriticalSection 00000001800f9120     kernel32:KERNEL32.dll
 0005:00000128       __imp_InitializeCriticalSectionAndSpinCount 00000001800f9128     kernel32:KERNEL32.dll
 0005:00000130       __imp_TlsAlloc             00000001800f9130     kernel32:KERNEL32.dll
 0005:00000138       __imp_TlsGetValue          00000001800f9138     kernel32:KERNEL32.dll
 0005:00000140       __imp_TlsSetValue          00000001800f9140     kernel32:KERNEL32.dll
 0005:00000148       __imp_TlsFree              00000001800f9148     kernel32:KERNEL32.dll
 0005:00000150       __imp_GetModuleFileNameA   00000001800f9150     kernel32:KERNEL32.dll
 0005:00000158       __imp_GetModuleHandleExW   00000001800f9158     kernel32:KERNEL32.dll
 0005:00000160       __imp_ExitProcess          00000001800f9160     kernel32:KERNEL32.dll
 0005:00000168       __imp_HeapSize             00000001800f9168     kernel32:KERNEL32.dll
 0005:00000170       __imp_HeapValidate         00000001800f9170     kernel32:KERNEL32.dll
 0005:00000178       __imp_GetSystemInfo        00000001800f9178     kernel32:KERNEL32.dll
 0005:00000180       __imp_GetCurrentThread     00000001800f9180     kernel32:KERNEL32.dll
 0005:00000188       __imp_GetACP               00000001800f9188     kernel32:KERNEL32.dll
 0005:00000190       __imp_GetStdHandle         00000001800f9190     kernel32:KERNEL32.dll
 0005:00000198       __imp_GetFileType          00000001800f9198     kernel32:KERNEL32.dll
 0005:000001a0       __imp_WriteFile            00000001800f91a0     kernel32:KERNEL32.dll
 0005:000001a8       __imp_OutputDebugStringW   00000001800f91a8     kernel32:KERNEL32.dll
 0005:000001b0       __imp_WriteConsoleW        00000001800f91b0     kernel32:KERNEL32.dll
 0005:000001b8       __imp_SetConsoleCtrlHandler 00000001800f91b8     kernel32:KERNEL32.dll
 0005:000001c0       __imp_FindClose            00000001800f91c0     kernel32:KERNEL32.dll
 0005:000001c8       __imp_FindFirstFileExA     00000001800f91c8     kernel32:KERNEL32.dll
 0005:000001d0       __imp_FindFirstFileExW     00000001800f91d0     kernel32:KERNEL32.dll
 0005:000001d8       __imp_FindNextFileA        00000001800f91d8     kernel32:KERNEL32.dll
 0005:000001e0       __imp_FindNextFileW        00000001800f91e0     kernel32:KERNEL32.dll
 0005:000001e8       __imp_IsValidCodePage      00000001800f91e8     kernel32:KERNEL32.dll
 0005:000001f0       __imp_GetOEMCP             00000001800f91f0     kernel32:KERNEL32.dll
 0005:000001f8       __imp_GetCPInfo            00000001800f91f8     kernel32:KERNEL32.dll
 0005:00000200       __imp_GetCommandLineA      00000001800f9200     kernel32:KERNEL32.dll
 0005:00000208       __imp_GetCommandLineW      00000001800f9208     kernel32:KERNEL32.dll
 0005:00000210       __imp_GetEnvironmentStringsW 00000001800f9210     kernel32:KERNEL32.dll
 0005:00000218       __imp_FreeEnvironmentStringsW 00000001800f9218     kernel32:KERNEL32.dll
 0005:00000220       __imp_SetEnvironmentVariableA 00000001800f9220     kernel32:KERNEL32.dll
 0005:00000228       __imp_SetEnvironmentVariableW 00000001800f9228     kernel32:KERNEL32.dll
 0005:00000230       __imp_OutputDebugStringA   00000001800f9230     kernel32:KERNEL32.dll
 0005:00000238       __imp_GetDateFormatW       00000001800f9238     kernel32:KERNEL32.dll
 0005:00000240       __imp_GetTimeFormatW       00000001800f9240     kernel32:KERNEL32.dll
 0005:00000248       __imp_CompareStringW       00000001800f9248     kernel32:KERNEL32.dll
 0005:00000250       __imp_LCMapStringW         00000001800f9250     kernel32:KERNEL32.dll
 0005:00000258       __imp_GetLocaleInfoW       00000001800f9258     kernel32:KERNEL32.dll
 0005:00000260       __imp_IsValidLocale        00000001800f9260     kernel32:KERNEL32.dll
 0005:00000268       __imp_GetUserDefaultLCID   00000001800f9268     kernel32:KERNEL32.dll
 0005:00000270       __imp_EnumSystemLocalesW   00000001800f9270     kernel32:KERNEL32.dll
 0005:00000278       __imp_HeapReAlloc          00000001800f9278     kernel32:KERNEL32.dll
 0005:00000280       __imp_HeapQueryInformation 00000001800f9280     kernel32:KERNEL32.dll
 0005:00000288       __imp_GetStringTypeW       00000001800f9288     kernel32:KERNEL32.dll
 0005:00000290       __imp_SetStdHandle         00000001800f9290     kernel32:KERNEL32.dll
 0005:00000298       __imp_GetConsoleCP         00000001800f9298     kernel32:KERNEL32.dll
 0005:000002a0       __imp_GetConsoleMode       00000001800f92a0     kernel32:KERNEL32.dll
 0005:000002a8       __imp_SetFilePointerEx     00000001800f92a8     kernel32:KERNEL32.dll
 0005:000002b0       __imp_FlushFileBuffers     00000001800f92b0     kernel32:KERNEL32.dll
 0005:000002b8       __imp_CloseHandle          00000001800f92b8     kernel32:KERNEL32.dll
 0005:000002c0       __imp_CreateFileW          00000001800f92c0     kernel32:KERNEL32.dll
 0005:000002c8       __imp_VirtualProtect       00000001800f92c8     kernel32:KERNEL32.dll
 0005:000002d0       __imp_LoadLibraryExA       00000001800f92d0     kernel32:KERNEL32.dll
 0005:000002d8       __imp_RtlPcToFileHeader    00000001800f92d8     kernel32:KERNEL32.dll
 0005:000002e0       \177KERNEL32_NULL_THUNK_DATA 00000001800f92e0     kernel32:KERNEL32.dll
 0005:000003c8       __IMPORT_DESCRIPTOR_KERNEL32 00000001800f93c8     kernel32:KERNEL32.dll
 0005:000003dc       __NULL_IMPORT_DESCRIPTOR   00000001800f93dc     kernel32:KERNEL32.dll
 0006:00000000       __DELAY_IMPORT_DESCRIPTOR_node_exe 00000001800fb000     node:node.exe
 0006:00000020       __NULL_DELAY_IMPORT_DESCRIPTOR 00000001800fb020     node:node.exe
 0006:00000088       \177node_NULL_THUNK_DATA_DLN 00000001800fb088     node:node.exe
 0006:000000e8       __imp_??0HandleScope@v8@@QEAA@PEAVIsolate@1@@Z 00000001800fb0e8     node:node.exe
 0006:000000f0       __imp_?GetCurrent@Isolate@v8@@SAPEAV12@XZ 00000001800fb0f0     node:node.exe
 0006:000000f8       __imp_??1HandleScope@v8@@QEAA@XZ 00000001800fb0f8     node:node.exe
 0006:00000100       __imp_?NewFromUtf8@String@v8@@SA?AV?$Local@VString@v8@@@2@PEAVIsolate@2@PEBDW4NewStringType@12@H@Z 00000001800fb100     node:node.exe
 0006:00000108       __imp_?Set@Object@v8@@QEAA_NV?$Local@VValue@v8@@@2@0@Z 00000001800fb108     node:node.exe
 0006:00000110       __imp_?SetName@Function@v8@@QEAAXV?$Local@VString@v8@@@2@@Z 00000001800fb110     node:node.exe
 0006:00000118       __imp_?New@FunctionTemplate@v8@@SA?AV?$Local@VFunctionTemplate@v8@@@2@PEAVIsolate@2@P6AXAEBV?$FunctionCallbackInfo@VValue@v8@@@2@@ZV?$Local@VValue@v8@@@2@V?$Local@VSignature@v8@@@2@HW4ConstructorBehavior@2@@Z 00000001800fb118     node:node.exe
 0006:00000120       __imp_?GetFunction@FunctionTemplate@v8@@QEAA?AV?$Local@VFunction@v8@@@2@XZ 00000001800fb120     node:node.exe
 0006:00000128       __imp_node_module_register 00000001800fb128     node:node.exe
 0006:00000130       \177node_NULL_THUNK_DATA_DLA 00000001800fb130     node:node.exe
 0006:00000540       \177node_NULL_THUNK_DATA_DLB 00000001800fb540     node:node.exe
 0007:00000000       __guard_check_icall_fptr   00000001800fc000     LIBCMTD:guard_support.obj
 0007:00000010       __guard_dispatch_icall_fptr 00000001800fc010     LIBCMTD:guard_support.obj
 0007:00000020       __guard_ss_verify_failure_fptr 00000001800fc020     LIBCMTD:guard_support.obj
 0007:00000030       __guard_ss_verify_sp_fptr  00000001800fc030     LIBCMTD:guard_support.obj

 Exports

  ordinal    name

        1    _register_addon_
